[rank0]:[rank0]: Traceback (most recent call last):
[rank0]:[rank0]:   File "<frozen runpy>", line 198, in _run_module_as_main
[rank0]:[rank0]:   File "<frozen runpy>", line 88, in _run_code
[rank0]:[rank0]:   File "/nfs-share/aai30/projects/torchtitan/torchtitan/experiments/fl/train.py", line 652, in <module>
[rank0]:[rank0]:     main()
[rank0]:[rank0]:   File "/nfs-share/aai30/projects/torchtitan/torchtitan/experiments/fl/train.py", line 485, in main
[rank0]:[rank0]:     trainer = Trainer(job_config)
[rank0]:[rank0]:               ^^^^^^^^^^^^^^^^^^^
[rank0]:[rank0]:   File "/nfs-share/aai30/projects/torchtitan/.venv/lib/python3.12/site-packages/torch/distributed/elastic/multiprocessing/errors/__init__.py", line 362, in wrapper
[rank0]:[rank0]:     return f(*args, **kwargs)
[rank0]:[rank0]:            ^^^^^^^^^^^^^^^^^^
[rank0]:[rank0]:   File "/nfs-share/aai30/projects/torchtitan/torchtitan/train.py", line 134, in __init__
[rank0]:[rank0]:     self.train_spec = train_spec_module.get_train_spec(job_config.model.name)
[rank0]:[rank0]:                       ^^^^^^^^^^^^^^^^^^^^^^^^^^^^^^^^^^^^^^^^^^^^^^^^^^^^^^^
[rank0]:[rank0]:   File "/nfs-share/aai30/projects/torchtitan/torchtitan/protocols/train_spec.py", line 116, in get_train_spec
[rank0]:[rank0]:     raise ValueError(f"TrainSpec {name} is not registered.")
[rank0]:[rank0]: ValueError: TrainSpec mosaic_llama3_mup_scion is not registered.
E1110 06:00:16.067000 1517764 torch/distributed/elastic/multiprocessing/api.py:974] failed (exitcode: 1) local_rank: 0 (pid: 1517779) of binary: /nfs-share/aai30/projects/torchtitan/.venv/bin/python3
E1110 06:00:16.078000 1517764 torch/distributed/elastic/multiprocessing/errors/error_handler.py:145] no error file defined for parent, to copy child error file (/tmp/torchelastic_yavbwsnw/iclr2026-scion-qh-lr-774fc2be-mom0p1-lr0p0005-20251110-055958-idx0_90natuqh/attempt_0/0/error.json)
Traceback (most recent call last):
  File "/nfs-share/aai30/projects/torchtitan/.venv/bin/torchrun", line 10, in <module>
    sys.exit(main())
             ^^^^^^
  File "/nfs-share/aai30/projects/torchtitan/.venv/lib/python3.12/site-packages/torch/distributed/elastic/multiprocessing/errors/__init__.py", line 362, in wrapper
    return f(*args, **kwargs)
           ^^^^^^^^^^^^^^^^^^
  File "/nfs-share/aai30/projects/torchtitan/.venv/lib/python3.12/site-packages/torch/distributed/run.py", line 977, in main
    run(args)
  File "/nfs-share/aai30/projects/torchtitan/.venv/lib/python3.12/site-packages/torch/distributed/run.py", line 968, in run
    elastic_launch(
  File "/nfs-share/aai30/projects/torchtitan/.venv/lib/python3.12/site-packages/torch/distributed/launcher/api.py", line 165, in __call__
    return launch_agent(self._config, self._entrypoint, list(args))
           ^^^^^^^^^^^^^^^^^^^^^^^^^^^^^^^^^^^^^^^^^^^^^^^^^^^^^^^^
  File "/nfs-share/aai30/projects/torchtitan/.venv/lib/python3.12/site-packages/torch/distributed/launcher/api.py", line 312, in launch_agent
    raise ChildFailedError(
torch.distributed.elastic.multiprocessing.errors.ChildFailedError: 
============================================================
torchtitan.experiments.fl.train FAILED
------------------------------------------------------------
Failures:
  <NO_OTHER_FAILURES>
------------------------------------------------------------
Root Cause (first observed failure):
[0]:
  time      : 2025-11-10_06:00:14
  host      : ruapehu.cl.cam.ac.uk
  rank      : 0 (local_rank: 0)
  exitcode  : 1 (pid: 1517779)
  error_file: /tmp/torchelastic_yavbwsnw/iclr2026-scion-qh-lr-774fc2be-mom0p1-lr0p0005-20251110-055958-idx0_90natuqh/attempt_0/0/error.json
  traceback : Traceback (most recent call last):
    File "/nfs-share/aai30/projects/torchtitan/.venv/lib/python3.12/site-packages/torch/distributed/elastic/multiprocessing/errors/__init__.py", line 362, in wrapper
      return f(*args, **kwargs)
             ^^^^^^^^^^^^^^^^^^
    File "/nfs-share/aai30/projects/torchtitan/torchtitan/train.py", line 134, in __init__
      self.train_spec = train_spec_module.get_train_spec(job_config.model.name)
                        ^^^^^^^^^^^^^^^^^^^^^^^^^^^^^^^^^^^^^^^^^^^^^^^^^^^^^^^
    File "/nfs-share/aai30/projects/torchtitan/torchtitan/protocols/train_spec.py", line 116, in get_train_spec
      raise ValueError(f"TrainSpec {name} is not registered.")
  ValueError: TrainSpec mosaic_llama3_mup_scion is not registered.
  
============================================================
