[rank0]:wandb: Currently logged in as: alexiacob (camlsys) to https://api.wandb.ai. Use `wandb login --relogin` to force relogin
[rank0]:wandb: Tracking run with wandb version 0.22.1
[rank0]:wandb: Run data is saved locally in ./outputs/iclr2026-scion-qh-lr-94dd207a-mom0p0-lr0p0005-20251110-062047-idx0/tb/20251110-0621/rank_0/wandb/run-20251110_062107-nqln1r04
[rank0]:wandb: Run `wandb offline` to turn off syncing.
[rank0]:wandb: Syncing run iclr2026-scion-qh-lr-94dd207a-mom0p0-lr0p0005-20251110-062047-idx0-worker0-rep0-rank0
[rank0]:wandb: ⭐️ View project at https://wandb.ai/camlsys/torchtitan_tune_lr
[rank0]:wandb: 🚀 View run at https://wandb.ai/camlsys/torchtitan_tune_lr/runs/nqln1r04
[rank0]:wandb: updating run metadata
[rank0]:wandb: uploading history steps 6140-6143, summary, console lines 6538-6546
[rank0]:wandb: 
[rank0]:wandb: Run history:
[rank0]:wandb:     activations/average/max/full_model_input ▁▁▁▁▁▁▁▁▁▁▁▁▁▁▁▁▁▁▁▁▁▁▁▁▁▁▁▁▁▁▁▁▁▁▁▁▁▁▁▁
[rank0]:wandb:    activations/average/max/full_model_output ▁▁▁▂▂▂▁▁▁▁▁▁▁▁▁▁▁▁▁▃▂▃▂▃▆▅▅▇▇▆▆██▅▆▆▇▆▅▅
[rank0]:wandb:  activations/average/median/full_model_input ▇▆▆▅▅▄▄▄▆▁▃▃▄▃▄▅████████████████████████
[rank0]:wandb: activations/average/median/full_model_output ▄▂▁▃▂▇█▆▅▄▄▄▄▄▄▄▄▄▄▄▄▄▄▄▄▄▄▄▄▄▄▄▄▄▄▄▄▄▄▄
[rank0]:wandb:         activations/l2_norm/full_model_input ████▇▇▅▅▅▄▃▃▃▃▂▂▁▁▁▁▁▁▁▁▁▁▁▁▂▂▁▂▂▂▂▂▂▂▂▂
[rank0]:wandb:        activations/l2_norm/full_model_output ▇█▇▆▆▅▆▆▇▇▄▄▃▁▂▃▄▄▄▄▆▅▆▇▆▆▅▆▅▅▆▇▇▅██▆▇█▇
[rank0]:wandb:             activations/max/full_model_input ▁▁▁▂▃▃▃▃▃▄▆▆▅▆▆▄▅▅▅▅▆▆▆▆▆▆▆▆▆▇▆▅▅▅▅▇▆██▆
[rank0]:wandb:            activations/max/full_model_output ▁▁▂▂▂▃▃▄▄▄▅▆▆▅▅▆▅▄▅▅▆▆▆▆▆▇▇▆▆▆▇▇▇▆▆▆▇▆▇█
[rank0]:wandb:                         beta1-QHScion/group0 ▁▁▁▁▁▁▁▁▁▁▁▁▁▁▁▁▁▁▁▁▁▁▁▁▁▁▁▁▁▁▁▁▁▁▁▁▁▁▁▁
[rank0]:wandb:                         beta1-QHScion/group1 ▁▁▁▁▁▁▁▁▁▁▁▁▁▁▁▁▁▁▁▁▁▁▁▁▁▁▁▁▁▁▁▁▁▁▁▁▁▁▁▁
[rank0]:wandb:                                          +31 ...
[rank0]:wandb: 
[rank0]:wandb: Run summary:
[rank0]:wandb:     activations/average/max/full_model_input 0.18225
[rank0]:wandb:    activations/average/max/full_model_output 0.13281
[rank0]:wandb:  activations/average/median/full_model_input 3e-05
[rank0]:wandb: activations/average/median/full_model_output 0.0
[rank0]:wandb:         activations/l2_norm/full_model_input 28685.41408
[rank0]:wandb:        activations/l2_norm/full_model_output 63438.83484
[rank0]:wandb:             activations/max/full_model_input 26.25
[rank0]:wandb:            activations/max/full_model_output 26.25
[rank0]:wandb:                         beta1-QHScion/group0 1
[rank0]:wandb:                         beta1-QHScion/group1 1
[rank0]:wandb:                                          +31 ...
[rank0]:wandb: 
[rank0]:wandb: 🚀 View run iclr2026-scion-qh-lr-94dd207a-mom0p0-lr0p0005-20251110-062047-idx0-worker0-rep0-rank0 at: https://wandb.ai/camlsys/torchtitan_tune_lr/runs/nqln1r04
[rank0]:wandb: ⭐️ View project at: https://wandb.ai/camlsys/torchtitan_tune_lr
[rank0]:wandb: Synced 5 W&B file(s), 0 media file(s), 0 artifact file(s) and 0 other file(s)
[rank0]:wandb: Find logs at: ./outputs/iclr2026-scion-qh-lr-94dd207a-mom0p0-lr0p0005-20251110-062047-idx0/tb/20251110-0621/rank_0/wandb/run-20251110_062107-nqln1r04/logs
