[W1110 15:54:06.647499600 TCPStore.cpp:138] [c10d] recvValueWithTimeout failed on SocketImpl(fd=24, addr=[localhost]:44602, remote=[localhost]:46004): Failed to recv, got 0 bytes. Connection was likely closed. Did the remote server shutdown or crash?
Exception raised from recvBytes at /pytorch/torch/csrc/distributed/c10d/Utils.hpp:682 (most recent call first):
frame #0: c10::Error::Error(c10::SourceLocation, std::__cxx11::basic_string<char, std::char_traits<char>, std::allocator<char> >) + 0x9d (0x7e1f1093b4cd in /nfs-share/aai30/projects/torchtitan/.venv/lib/python3.12/site-packages/torch/lib/libc10.so)
frame #1: <unknown function> + 0x6b253bd (0x7e1f53c5d3bd in /nfs-share/aai30/projects/torchtitan/.venv/lib/python3.12/site-packages/torch/lib/libtorch_cpu.so)
frame #2: c10d::TCPStore::doWait(c10::ArrayRef<std::__cxx11::basic_string<char, std::char_traits<char>, std::allocator<char> > >, std::chrono::duration<long, std::ratio<1l, 1000l> >) + 0x1bb (0x7e1f53c595bb in /nfs-share/aai30/projects/torchtitan/.venv/lib/python3.12/site-packages/torch/lib/libtorch_cpu.so)
frame #3: c10d::TCPStore::doGet(std::__cxx11::basic_string<char, std::char_traits<char>, std::allocator<char> > const&) + 0x2a (0x7e1f53c59a4a in /nfs-share/aai30/projects/torchtitan/.venv/lib/python3.12/site-packages/torch/lib/libtorch_cpu.so)
frame #4: c10d::TCPStore::get(std::__cxx11::basic_string<char, std::char_traits<char>, std::allocator<char> > const&) + 0x112 (0x7e1f53c5aba2 in /nfs-share/aai30/projects/torchtitan/.venv/lib/python3.12/site-packages/torch/lib/libtorch_cpu.so)
frame #5: <unknown function> + 0xedbbb6 (0x7e1f63523bb6 in /nfs-share/aai30/projects/torchtitan/.venv/lib/python3.12/site-packages/torch/lib/libtorch_python.so)
frame #6: <unknown function> + 0x4026c0 (0x7e1f62a4a6c0 in /nfs-share/aai30/projects/torchtitan/.venv/lib/python3.12/site-packages/torch/lib/libtorch_python.so)
<omitting python frames>
frame #24: <unknown function> + 0x2a1ca (0x7e1f71d171ca in /lib/x86_64-linux-gnu/libc.so.6)
frame #25: __libc_start_main + 0x8b (0x7e1f71d1728b in /lib/x86_64-linux-gnu/libc.so.6)
frame #26: _start + 0x29 (0x6000a9 in /nfs-share/aai30/projects/torchtitan/.venv/bin/python3)

W1110 15:54:06.322000 1565796 torch/distributed/elastic/multiprocessing/api.py:1000] Sending process 1565827 closing signal SIGTERM
[W1110 15:54:06.948434894 TCPStore.cpp:106] [c10d] sendBytes failed on SocketImpl(fd=24, addr=[localhost]:44602, remote=[localhost]:46004): Broken pipe
Exception raised from sendBytes at /pytorch/torch/csrc/distributed/c10d/Utils.hpp:653 (most recent call first):
frame #0: c10::Error::Error(c10::SourceLocation, std::__cxx11::basic_string<char, std::char_traits<char>, std::allocator<char> >) + 0x9d (0x7e1f1093b4cd in /nfs-share/aai30/projects/torchtitan/.venv/lib/python3.12/site-packages/torch/lib/libc10.so)
frame #1: <unknown function> + 0x6b245a1 (0x7e1f53c5c5a1 in /nfs-share/aai30/projects/torchtitan/.venv/lib/python3.12/site-packages/torch/lib/libtorch_cpu.so)
frame #2: c10d::TCPStore::doWait(c10::ArrayRef<std::__cxx11::basic_string<char, std::char_traits<char>, std::allocator<char> > >, std::chrono::duration<long, std::ratio<1l, 1000l> >) + 0x10e (0x7e1f53c5950e in /nfs-share/aai30/projects/torchtitan/.venv/lib/python3.12/site-packages/torch/lib/libtorch_cpu.so)
frame #3: c10d::TCPStore::doGet(std::__cxx11::basic_string<char, std::char_traits<char>, std::allocator<char> > const&) + 0x2a (0x7e1f53c59a4a in /nfs-share/aai30/projects/torchtitan/.venv/lib/python3.12/site-packages/torch/lib/libtorch_cpu.so)
frame #4: c10d::TCPStore::get(std::__cxx11::basic_string<char, std::char_traits<char>, std::allocator<char> > const&) + 0x112 (0x7e1f53c5aba2 in /nfs-share/aai30/projects/torchtitan/.venv/lib/python3.12/site-packages/torch/lib/libtorch_cpu.so)
frame #5: <unknown function> + 0xedbbb6 (0x7e1f63523bb6 in /nfs-share/aai30/projects/torchtitan/.venv/lib/python3.12/site-packages/torch/lib/libtorch_python.so)
frame #6: <unknown function> + 0x4026c0 (0x7e1f62a4a6c0 in /nfs-share/aai30/projects/torchtitan/.venv/lib/python3.12/site-packages/torch/lib/libtorch_python.so)
<omitting python frames>
frame #24: <unknown function> + 0x2a1ca (0x7e1f71d171ca in /lib/x86_64-linux-gnu/libc.so.6)
frame #25: __libc_start_main + 0x8b (0x7e1f71d1728b in /lib/x86_64-linux-gnu/libc.so.6)
frame #26: _start + 0x29 (0x6000a9 in /nfs-share/aai30/projects/torchtitan/.venv/bin/python3)

W1110 15:54:06.622000 1565796 torch/distributed/elastic/rendezvous/dynamic_rendezvous.py:1293] The node 'ruapehu.cl.cam.ac.uk_1565796_0' has failed to shutdown the rendezvous 'iclr2026-scion-qh-lr-381baa05-mom0p0-lr0p0005-20251110-155356-idx0' due to an error of type RendezvousConnectionError.
Traceback (most recent call last):
  File "/nfs-share/aai30/projects/torchtitan/.venv/lib/python3.12/site-packages/torch/distributed/elastic/rendezvous/c10d_rendezvous_backend.py", line 114, in _call_store
    return getattr(self._store, store_op)(*args, **kwargs)
           ^^^^^^^^^^^^^^^^^^^^^^^^^^^^^^^^^^^^^^^^^^^^^^^
torch.distributed.DistNetworkError: Failed to recv, got 0 bytes. Connection was likely closed. Did the remote server shutdown or crash?

The above exception was the direct cause of the following exception:

Traceback (most recent call last):
  File "/nfs-share/aai30/projects/torchtitan/.venv/bin/torchrun", line 10, in <module>
    sys.exit(main())
             ^^^^^^
  File "/nfs-share/aai30/projects/torchtitan/.venv/lib/python3.12/site-packages/torch/distributed/elastic/multiprocessing/errors/__init__.py", line 362, in wrapper
    return f(*args, **kwargs)
           ^^^^^^^^^^^^^^^^^^
  File "/nfs-share/aai30/projects/torchtitan/.venv/lib/python3.12/site-packages/torch/distributed/run.py", line 977, in main
    run(args)
  File "/nfs-share/aai30/projects/torchtitan/.venv/lib/python3.12/site-packages/torch/distributed/run.py", line 968, in run
    elastic_launch(
  File "/nfs-share/aai30/projects/torchtitan/.venv/lib/python3.12/site-packages/torch/distributed/launcher/api.py", line 165, in __call__
    return launch_agent(self._config, self._entrypoint, list(args))
           ^^^^^^^^^^^^^^^^^^^^^^^^^^^^^^^^^^^^^^^^^^^^^^^^^^^^^^^^
  File "/nfs-share/aai30/projects/torchtitan/.venv/lib/python3.12/site-packages/torch/distributed/launcher/api.py", line 303, in launch_agent
    result = agent.run()
             ^^^^^^^^^^^
  File "/nfs-share/aai30/projects/torchtitan/.venv/lib/python3.12/site-packages/torch/distributed/elastic/metrics/api.py", line 135, in wrapper
    result = f(*args, **kwargs)
             ^^^^^^^^^^^^^^^^^^
  File "/nfs-share/aai30/projects/torchtitan/.venv/lib/python3.12/site-packages/torch/distributed/elastic/agent/server/api.py", line 725, in run
    result = self._invoke_run(role)
             ^^^^^^^^^^^^^^^^^^^^^^
  File "/nfs-share/aai30/projects/torchtitan/.venv/lib/python3.12/site-packages/torch/distributed/elastic/agent/server/api.py", line 938, in _invoke_run
    num_nodes_waiting = rdzv_handler.num_nodes_waiting()
                        ^^^^^^^^^^^^^^^^^^^^^^^^^^^^^^^^
  File "/nfs-share/aai30/projects/torchtitan/.venv/lib/python3.12/site-packages/torch/distributed/elastic/rendezvous/dynamic_rendezvous.py", line 1264, in num_nodes_waiting
    self._state_holder.sync()
  File "/nfs-share/aai30/projects/torchtitan/.venv/lib/python3.12/site-packages/torch/distributed/elastic/rendezvous/dynamic_rendezvous.py", line 438, in sync
    get_response = self._backend.get_state()
                   ^^^^^^^^^^^^^^^^^^^^^^^^^
  File "/nfs-share/aai30/projects/torchtitan/.venv/lib/python3.12/site-packages/torch/distributed/elastic/rendezvous/c10d_rendezvous_backend.py", line 75, in get_state
    base64_state: bytes = self._call_store("get", self._key)
                          ^^^^^^^^^^^^^^^^^^^^^^^^^^^^^^^^^^
  File "/nfs-share/aai30/projects/torchtitan/.venv/lib/python3.12/site-packages/torch/distributed/elastic/rendezvous/c10d_rendezvous_backend.py", line 116, in _call_store
    raise RendezvousConnectionError(
torch.distributed.elastic.rendezvous.api.RendezvousConnectionError: The connection to the C10d store has failed. See inner exception for details.
