[rank0]:wandb: Currently logged in as: alexiacob (camlsys) to https://api.wandb.ai. Use `wandb login --relogin` to force relogin
[rank0]:wandb: setting up run j3inazd5
[rank0]:wandb: Tracking run with wandb version 0.22.1
[rank0]:wandb: Run data is saved locally in ./outputs/iclr2026-scion-qh-lr-94dd207a-mom0p0-lr0p0005-20251110-192137-idx0/tb/20251110-1921/rank_0/wandb/run-20251110_192156-j3inazd5
[rank0]:wandb: Run `wandb offline` to turn off syncing.
[rank0]:wandb: Syncing run iclr2026-scion-qh-lr-94dd207a-mom0p0-lr0p0005-20251110-192137-idx0-worker0-rep0-rank0
[rank0]:wandb: ⭐️ View project at https://wandb.ai/camlsys/torchtitan_tune_lr
[rank0]:wandb: 🚀 View run at https://wandb.ai/camlsys/torchtitan_tune_lr/runs/j3inazd5
[rank0]:wandb: updating run metadata
[rank0]:wandb: uploading summary, console lines 274-274
[rank0]:wandb: 🚀 View run iclr2026-scion-qh-lr-94dd207a-mom0p0-lr0p0005-20251110-192137-idx0-worker0-rep0-rank0 at: https://wandb.ai/camlsys/torchtitan_tune_lr/runs/j3inazd5
[rank0]:wandb: ⭐️ View project at: https://wandb.ai/camlsys/torchtitan_tune_lr
[rank0]:wandb: Synced 5 W&B file(s), 0 media file(s), 0 artifact file(s) and 0 other file(s)
[rank0]:wandb: Find logs at: ./outputs/iclr2026-scion-qh-lr-94dd207a-mom0p0-lr0p0005-20251110-192137-idx0/tb/20251110-1921/rank_0/wandb/run-20251110_192156-j3inazd5/logs
[rank0]:Traceback (most recent call last):
[rank0]:  File "<frozen runpy>", line 198, in _run_module_as_main
[rank0]:  File "<frozen runpy>", line 88, in _run_code
[rank0]:  File "/nfs-share/aai30/projects/torchtitan/torchtitan/experiments/fl/train.py", line 652, in <module>
[rank0]:    main()
[rank0]:  File "/nfs-share/aai30/projects/torchtitan/torchtitan/experiments/fl/train.py", line 638, in main
[rank0]:    trainer.train()
[rank0]:  File "/nfs-share/aai30/projects/torchtitan/.venv/lib/python3.12/site-packages/torch/distributed/elastic/multiprocessing/errors/__init__.py", line 362, in wrapper
[rank0]:    return f(*args, **kwargs)
[rank0]:           ^^^^^^^^^^^^^^^^^^
[rank0]:  File "/nfs-share/aai30/projects/torchtitan/torchtitan/train.py", line 691, in train
[rank0]:    self.train_step(data_iterator)
[rank0]:  File "/nfs-share/aai30/projects/torchtitan/torchtitan/train.py", line 544, in train_step
[rank0]:    loss = self.forward_backward_step(input_dict, labels)
[rank0]:           ^^^^^^^^^^^^^^^^^^^^^^^^^^^^^^^^^^^^^^^^^^^^^^
[rank0]:  File "/nfs-share/aai30/projects/torchtitan/torchtitan/train.py", line 513, in forward_backward_step
[rank0]:    pred = model_parts[0](inputs, **extra_inputs)
[rank0]:           ^^^^^^^^^^^^^^^^^^^^^^^^^^^^^^^^^^^^^^
[rank0]:  File "/nfs-share/aai30/projects/torchtitan/.venv/lib/python3.12/site-packages/torch/nn/modules/module.py", line 1783, in _wrapped_call_impl
[rank0]:    return self._call_impl(*args, **kwargs)
[rank0]:           ^^^^^^^^^^^^^^^^^^^^^^^^^^^^^^^^
[rank0]:  File "/nfs-share/aai30/projects/torchtitan/.venv/lib/python3.12/site-packages/torch/nn/modules/module.py", line 1794, in _call_impl
[rank0]:    return forward_call(*args, **kwargs)
[rank0]:           ^^^^^^^^^^^^^^^^^^^^^^^^^^^^^
[rank0]:  File "/nfs-share/aai30/projects/torchtitan/torchtitan/experiments/fl/models/llama3_mup/model/mup_model.py", line 963, in forward
[rank0]:    h = layer(h, self.freqs_cis)
[rank0]:        ^^^^^^^^^^^^^^^^^^^^^^^^
[rank0]:  File "/nfs-share/aai30/projects/torchtitan/.venv/lib/python3.12/site-packages/torch/nn/modules/module.py", line 1783, in _wrapped_call_impl
[rank0]:    return self._call_impl(*args, **kwargs)
[rank0]:           ^^^^^^^^^^^^^^^^^^^^^^^^^^^^^^^^
[rank0]:  File "/nfs-share/aai30/projects/torchtitan/.venv/lib/python3.12/site-packages/torch/nn/modules/module.py", line 1794, in _call_impl
[rank0]:    return forward_call(*args, **kwargs)
[rank0]:           ^^^^^^^^^^^^^^^^^^^^^^^^^^^^^
[rank0]:  File "/nfs-share/aai30/projects/torchtitan/torchtitan/experiments/fl/models/llama3_mup/model/mup_model.py", line 426, in forward
[rank0]:    attn_out = self.attention(self.attention_norm(x), freqs_cis)
[rank0]:               ^^^^^^^^^^^^^^^^^^^^^^^^^^^^^^^^^^^^^^^^^^^^^^^^^
[rank0]:  File "/nfs-share/aai30/projects/torchtitan/.venv/lib/python3.12/site-packages/torch/nn/modules/module.py", line 1783, in _wrapped_call_impl
[rank0]:    return self._call_impl(*args, **kwargs)
[rank0]:           ^^^^^^^^^^^^^^^^^^^^^^^^^^^^^^^^
[rank0]:  File "/nfs-share/aai30/projects/torchtitan/.venv/lib/python3.12/site-packages/torch/nn/modules/module.py", line 1794, in _call_impl
[rank0]:    return forward_call(*args, **kwargs)
[rank0]:           ^^^^^^^^^^^^^^^^^^^^^^^^^^^^^
[rank0]:  File "/nfs-share/aai30/projects/torchtitan/torchtitan/experiments/fl/models/llama3_mup/model/mup_model.py", line 248, in forward
[rank0]:    xq, xk = apply_rotary_emb(xq, xk, freqs_cis=freqs_cis)
[rank0]:             ^^^^^^^^^^^^^^^^^^^^^^^^^^^^^^^^^^^^^^^^^^^^^
[rank0]:TypeError: apply_rotary_emb() got an unexpected keyword argument 'freqs_cis'
[rank0]:[rank0]: Traceback (most recent call last):
[rank0]:[rank0]:   File "<frozen runpy>", line 198, in _run_module_as_main
[rank0]:[rank0]:   File "<frozen runpy>", line 88, in _run_code
[rank0]:[rank0]:   File "/nfs-share/aai30/projects/torchtitan/torchtitan/experiments/fl/train.py", line 652, in <module>
[rank0]:[rank0]:     main()
[rank0]:[rank0]:   File "/nfs-share/aai30/projects/torchtitan/torchtitan/experiments/fl/train.py", line 638, in main
[rank0]:[rank0]:     trainer.train()
[rank0]:[rank0]:   File "/nfs-share/aai30/projects/torchtitan/.venv/lib/python3.12/site-packages/torch/distributed/elastic/multiprocessing/errors/__init__.py", line 362, in wrapper
[rank0]:[rank0]:     return f(*args, **kwargs)
[rank0]:[rank0]:            ^^^^^^^^^^^^^^^^^^
[rank0]:[rank0]:   File "/nfs-share/aai30/projects/torchtitan/torchtitan/train.py", line 691, in train
[rank0]:[rank0]:     self.train_step(data_iterator)
[rank0]:[rank0]:   File "/nfs-share/aai30/projects/torchtitan/torchtitan/train.py", line 544, in train_step
[rank0]:[rank0]:     loss = self.forward_backward_step(input_dict, labels)
[rank0]:[rank0]:            ^^^^^^^^^^^^^^^^^^^^^^^^^^^^^^^^^^^^^^^^^^^^^^
[rank0]:[rank0]:   File "/nfs-share/aai30/projects/torchtitan/torchtitan/train.py", line 513, in forward_backward_step
[rank0]:[rank0]:     pred = model_parts[0](inputs, **extra_inputs)
[rank0]:[rank0]:            ^^^^^^^^^^^^^^^^^^^^^^^^^^^^^^^^^^^^^^
[rank0]:[rank0]:   File "/nfs-share/aai30/projects/torchtitan/.venv/lib/python3.12/site-packages/torch/nn/modules/module.py", line 1783, in _wrapped_call_impl
[rank0]:[rank0]:     return self._call_impl(*args, **kwargs)
[rank0]:[rank0]:            ^^^^^^^^^^^^^^^^^^^^^^^^^^^^^^^^
[rank0]:[rank0]:   File "/nfs-share/aai30/projects/torchtitan/.venv/lib/python3.12/site-packages/torch/nn/modules/module.py", line 1794, in _call_impl
[rank0]:[rank0]:     return forward_call(*args, **kwargs)
[rank0]:[rank0]:            ^^^^^^^^^^^^^^^^^^^^^^^^^^^^^
[rank0]:[rank0]:   File "/nfs-share/aai30/projects/torchtitan/torchtitan/experiments/fl/models/llama3_mup/model/mup_model.py", line 963, in forward
[rank0]:[rank0]:     h = layer(h, self.freqs_cis)
[rank0]:[rank0]:         ^^^^^^^^^^^^^^^^^^^^^^^^
[rank0]:[rank0]:   File "/nfs-share/aai30/projects/torchtitan/.venv/lib/python3.12/site-packages/torch/nn/modules/module.py", line 1783, in _wrapped_call_impl
[rank0]:[rank0]:     return self._call_impl(*args, **kwargs)
[rank0]:[rank0]:            ^^^^^^^^^^^^^^^^^^^^^^^^^^^^^^^^
[rank0]:[rank0]:   File "/nfs-share/aai30/projects/torchtitan/.venv/lib/python3.12/site-packages/torch/nn/modules/module.py", line 1794, in _call_impl
[rank0]:[rank0]:     return forward_call(*args, **kwargs)
[rank0]:[rank0]:            ^^^^^^^^^^^^^^^^^^^^^^^^^^^^^
[rank0]:[rank0]:   File "/nfs-share/aai30/projects/torchtitan/torchtitan/experiments/fl/models/llama3_mup/model/mup_model.py", line 426, in forward
[rank0]:[rank0]:     attn_out = self.attention(self.attention_norm(x), freqs_cis)
[rank0]:[rank0]:                ^^^^^^^^^^^^^^^^^^^^^^^^^^^^^^^^^^^^^^^^^^^^^^^^^
[rank0]:[rank0]:   File "/nfs-share/aai30/projects/torchtitan/.venv/lib/python3.12/site-packages/torch/nn/modules/module.py", line 1783, in _wrapped_call_impl
[rank0]:[rank0]:     return self._call_impl(*args, **kwargs)
[rank0]:[rank0]:            ^^^^^^^^^^^^^^^^^^^^^^^^^^^^^^^^
[rank0]:[rank0]:   File "/nfs-share/aai30/projects/torchtitan/.venv/lib/python3.12/site-packages/torch/nn/modules/module.py", line 1794, in _call_impl
[rank0]:[rank0]:     return forward_call(*args, **kwargs)
[rank0]:[rank0]:            ^^^^^^^^^^^^^^^^^^^^^^^^^^^^^
[rank0]:[rank0]:   File "/nfs-share/aai30/projects/torchtitan/torchtitan/experiments/fl/models/llama3_mup/model/mup_model.py", line 248, in forward
[rank0]:[rank0]:     xq, xk = apply_rotary_emb(xq, xk, freqs_cis=freqs_cis)
[rank0]:[rank0]:              ^^^^^^^^^^^^^^^^^^^^^^^^^^^^^^^^^^^^^^^^^^^^^
[rank0]:[rank0]: TypeError: apply_rotary_emb() got an unexpected keyword argument 'freqs_cis'
E1110 19:22:29.209000 1595458 torch/distributed/elastic/multiprocessing/api.py:974] failed (exitcode: 1) local_rank: 0 (pid: 1595473) of binary: /nfs-share/aai30/projects/torchtitan/.venv/bin/python3
E1110 19:22:29.220000 1595458 torch/distributed/elastic/multiprocessing/errors/error_handler.py:145] no error file defined for parent, to copy child error file (/tmp/torchelastic_jrggxxtq/iclr2026-scion-qh-lr-94dd207a-mom0p0-lr0p0005-20251110-192137-idx0_l7nnwnfc/attempt_0/0/error.json)
Traceback (most recent call last):
  File "/nfs-share/aai30/projects/torchtitan/.venv/bin/torchrun", line 10, in <module>
    sys.exit(main())
             ^^^^^^
  File "/nfs-share/aai30/projects/torchtitan/.venv/lib/python3.12/site-packages/torch/distributed/elastic/multiprocessing/errors/__init__.py", line 362, in wrapper
    return f(*args, **kwargs)
           ^^^^^^^^^^^^^^^^^^
  File "/nfs-share/aai30/projects/torchtitan/.venv/lib/python3.12/site-packages/torch/distributed/run.py", line 977, in main
    run(args)
  File "/nfs-share/aai30/projects/torchtitan/.venv/lib/python3.12/site-packages/torch/distributed/run.py", line 968, in run
    elastic_launch(
  File "/nfs-share/aai30/projects/torchtitan/.venv/lib/python3.12/site-packages/torch/distributed/launcher/api.py", line 165, in __call__
    return launch_agent(self._config, self._entrypoint, list(args))
           ^^^^^^^^^^^^^^^^^^^^^^^^^^^^^^^^^^^^^^^^^^^^^^^^^^^^^^^^
  File "/nfs-share/aai30/projects/torchtitan/.venv/lib/python3.12/site-packages/torch/distributed/launcher/api.py", line 312, in launch_agent
    raise ChildFailedError(
torch.distributed.elastic.multiprocessing.errors.ChildFailedError: 
============================================================
torchtitan.experiments.fl.train FAILED
------------------------------------------------------------
Failures:
  <NO_OTHER_FAILURES>
------------------------------------------------------------
Root Cause (first observed failure):
[0]:
  time      : 2025-11-10_19:22:25
  host      : ruapehu.cl.cam.ac.uk
  rank      : 0 (local_rank: 0)
  exitcode  : 1 (pid: 1595473)
  error_file: /tmp/torchelastic_jrggxxtq/iclr2026-scion-qh-lr-94dd207a-mom0p0-lr0p0005-20251110-192137-idx0_l7nnwnfc/attempt_0/0/error.json
  traceback : Traceback (most recent call last):
    File "/nfs-share/aai30/projects/torchtitan/.venv/lib/python3.12/site-packages/torch/distributed/elastic/multiprocessing/errors/__init__.py", line 362, in wrapper
      return f(*args, **kwargs)
             ^^^^^^^^^^^^^^^^^^
    File "/nfs-share/aai30/projects/torchtitan/torchtitan/train.py", line 691, in train
      self.train_step(data_iterator)
    File "/nfs-share/aai30/projects/torchtitan/torchtitan/train.py", line 544, in train_step
      loss = self.forward_backward_step(input_dict, labels)
             ^^^^^^^^^^^^^^^^^^^^^^^^^^^^^^^^^^^^^^^^^^^^^^
    File "/nfs-share/aai30/projects/torchtitan/torchtitan/train.py", line 513, in forward_backward_step
      pred = model_parts[0](inputs, **extra_inputs)
             ^^^^^^^^^^^^^^^^^^^^^^^^^^^^^^^^^^^^^^
    File "/nfs-share/aai30/projects/torchtitan/.venv/lib/python3.12/site-packages/torch/nn/modules/module.py", line 1783, in _wrapped_call_impl
      return self._call_impl(*args, **kwargs)
             ^^^^^^^^^^^^^^^^^^^^^^^^^^^^^^^^
    File "/nfs-share/aai30/projects/torchtitan/.venv/lib/python3.12/site-packages/torch/nn/modules/module.py", line 1794, in _call_impl
      return forward_call(*args, **kwargs)
             ^^^^^^^^^^^^^^^^^^^^^^^^^^^^^
    File "/nfs-share/aai30/projects/torchtitan/torchtitan/experiments/fl/models/llama3_mup/model/mup_model.py", line 963, in forward
      h = layer(h, self.freqs_cis)
          ^^^^^^^^^^^^^^^^^^^^^^^^
    File "/nfs-share/aai30/projects/torchtitan/.venv/lib/python3.12/site-packages/torch/nn/modules/module.py", line 1783, in _wrapped_call_impl
      return self._call_impl(*args, **kwargs)
             ^^^^^^^^^^^^^^^^^^^^^^^^^^^^^^^^
    File "/nfs-share/aai30/projects/torchtitan/.venv/lib/python3.12/site-packages/torch/nn/modules/module.py", line 1794, in _call_impl
      return forward_call(*args, **kwargs)
             ^^^^^^^^^^^^^^^^^^^^^^^^^^^^^
    File "/nfs-share/aai30/projects/torchtitan/torchtitan/experiments/fl/models/llama3_mup/model/mup_model.py", line 426, in forward
      attn_out = self.attention(self.attention_norm(x), freqs_cis)
                 ^^^^^^^^^^^^^^^^^^^^^^^^^^^^^^^^^^^^^^^^^^^^^^^^^
    File "/nfs-share/aai30/projects/torchtitan/.venv/lib/python3.12/site-packages/torch/nn/modules/module.py", line 1783, in _wrapped_call_impl
      return self._call_impl(*args, **kwargs)
             ^^^^^^^^^^^^^^^^^^^^^^^^^^^^^^^^
    File "/nfs-share/aai30/projects/torchtitan/.venv/lib/python3.12/site-packages/torch/nn/modules/module.py", line 1794, in _call_impl
      return forward_call(*args, **kwargs)
             ^^^^^^^^^^^^^^^^^^^^^^^^^^^^^
    File "/nfs-share/aai30/projects/torchtitan/torchtitan/experiments/fl/models/llama3_mup/model/mup_model.py", line 248, in forward
      xq, xk = apply_rotary_emb(xq, xk, freqs_cis=freqs_cis)
               ^^^^^^^^^^^^^^^^^^^^^^^^^^^^^^^^^^^^^^^^^^^^^
  TypeError: apply_rotary_emb() got an unexpected keyword argument 'freqs_cis'
  
============================================================
