[rank0]:Traceback (most recent call last):
[rank0]:  File "<frozen runpy>", line 198, in _run_module_as_main
[rank0]:  File "<frozen runpy>", line 88, in _run_code
[rank0]:  File "/nfs-share/aai30/projects/torchtitan/torchtitan/experiments/fl/train.py", line 652, in <module>
[rank0]:    main()
[rank0]:  File "/nfs-share/aai30/projects/torchtitan/torchtitan/experiments/fl/train.py", line 456, in main
[rank0]:    job_config = config_manager.parse_args()
[rank0]:                 ^^^^^^^^^^^^^^^^^^^^^^^^^^^
[rank0]:  File "/nfs-share/aai30/projects/torchtitan/torchtitan/experiments/fl/configs/__init__.py", line 27, in parse_args
[rank0]:    return cast("MosaicJobConfig", super().parse_args(args))
[rank0]:                                   ^^^^^^^^^^^^^^^^^^^^^^^^
[rank0]:  File "/nfs-share/aai30/projects/torchtitan/torchtitan/config/manager.py", line 53, in parse_args
[rank0]:    self._dict_to_dataclass(config_cls, toml_values)
[rank0]:  File "/nfs-share/aai30/projects/torchtitan/torchtitan/config/manager.py", line 180, in _dict_to_dataclass
[rank0]:    result[f.name] = self._dict_to_dataclass(nested_cls, value)
[rank0]:                     ^^^^^^^^^^^^^^^^^^^^^^^^^^^^^^^^^^^^^^^^^^
[rank0]:  File "/nfs-share/aai30/projects/torchtitan/torchtitan/config/manager.py", line 166, in _dict_to_dataclass
[rank0]:    raise ValueError(
[rank0]:ValueError: Invalid field names in <class 'torchtitan.experiments.fl.configs.config.FLLRSchedulerConfig'> data: {'warmup_ratio'}.
[rank0]:Please modify your .toml config file or override these fields from the command line.
[rank0]:Run `NGPU=1 ./run_train.sh --help` to read all valid fields.
E1108 12:28:34.459000 1268966 torch/distributed/elastic/multiprocessing/api.py:974] failed (exitcode: 1) local_rank: 0 (pid: 1268981) of binary: /nfs-share/aai30/projects/torchtitan/.venv/bin/python3
Traceback (most recent call last):
  File "/nfs-share/aai30/projects/torchtitan/.venv/bin/torchrun", line 10, in <module>
    sys.exit(main())
             ^^^^^^
  File "/nfs-share/aai30/projects/torchtitan/.venv/lib/python3.12/site-packages/torch/distributed/elastic/multiprocessing/errors/__init__.py", line 362, in wrapper
    return f(*args, **kwargs)
           ^^^^^^^^^^^^^^^^^^
  File "/nfs-share/aai30/projects/torchtitan/.venv/lib/python3.12/site-packages/torch/distributed/run.py", line 977, in main
    run(args)
  File "/nfs-share/aai30/projects/torchtitan/.venv/lib/python3.12/site-packages/torch/distributed/run.py", line 968, in run
    elastic_launch(
  File "/nfs-share/aai30/projects/torchtitan/.venv/lib/python3.12/site-packages/torch/distributed/launcher/api.py", line 165, in __call__
    return launch_agent(self._config, self._entrypoint, list(args))
           ^^^^^^^^^^^^^^^^^^^^^^^^^^^^^^^^^^^^^^^^^^^^^^^^^^^^^^^^
  File "/nfs-share/aai30/projects/torchtitan/.venv/lib/python3.12/site-packages/torch/distributed/launcher/api.py", line 312, in launch_agent
    raise ChildFailedError(
torch.distributed.elastic.multiprocessing.errors.ChildFailedError: 
============================================================
torchtitan.experiments.fl.train FAILED
------------------------------------------------------------
Failures:
  <NO_OTHER_FAILURES>
------------------------------------------------------------
Root Cause (first observed failure):
[0]:
  time      : 2025-11-08_12:28:34
  host      : ruapehu.cl.cam.ac.uk
  rank      : 0 (local_rank: 0)
  exitcode  : 1 (pid: 1268981)
  error_file: <N/A>
  traceback : To enable traceback see: https://pytorch.org/docs/stable/elastic/errors.html
============================================================
