[rank0]:wandb: Currently logged in as: alexiacob (camlsys) to https://api.wandb.ai. Use `wandb login --relogin` to force relogin
[rank0]:wandb: setting up run fxwa2tj1
[rank0]:wandb: Tracking run with wandb version 0.22.1
[rank0]:wandb: Run data is saved locally in ./outputs/iclr2026-vlr-6a72b683-v0p98-sw1p41421356237-20251108-123049-idx0/tb/20251108-1231/rank_0/wandb/run-20251108_123109-fxwa2tj1
[rank0]:wandb: Run `wandb offline` to turn off syncing.
[rank0]:wandb: Syncing run iclr2026-vlr-6a72b683-v0p98-sw1p41421356237-20251108-123049-idx0-worker0-rep0-rank0
[rank0]:wandb: ⭐️ View project at https://wandb.ai/camlsys/torchtitan
[rank0]:wandb: 🚀 View run at https://wandb.ai/camlsys/torchtitan/runs/fxwa2tj1
[rank0]:Traceback (most recent call last):
[rank0]:  File "<frozen runpy>", line 198, in _run_module_as_main
[rank0]:  File "<frozen runpy>", line 88, in _run_code
[rank0]:  File "/nfs-share/aai30/projects/torchtitan/torchtitan/experiments/fl/train.py", line 652, in <module>
[rank0]:    main()
[rank0]:  File "/nfs-share/aai30/projects/torchtitan/torchtitan/experiments/fl/train.py", line 485, in main
[rank0]:    trainer = Trainer(job_config)
[rank0]:              ^^^^^^^^^^^^^^^^^^^
[rank0]:  File "/nfs-share/aai30/projects/torchtitan/.venv/lib/python3.12/site-packages/torch/distributed/elastic/multiprocessing/errors/__init__.py", line 362, in wrapper
[rank0]:    return f(*args, **kwargs)
[rank0]:           ^^^^^^^^^^^^^^^^^^
[rank0]:  File "/nfs-share/aai30/projects/torchtitan/torchtitan/train.py", line 264, in __init__
[rank0]:    model = self.train_spec.parallelize_fn(model, parallel_dims, job_config)
[rank0]:            ^^^^^^^^^^^^^^^^^^^^^^^^^^^^^^^^^^^^^^^^^^^^^^^^^^^^^^^^^^^^^^^^
[rank0]:  File "/nfs-share/aai30/projects/torchtitan/torchtitan/experiments/fl/models/llama3_mup/infra/parallelize.py", line 129, in parallelize_llama_mup
[rank0]:    job_config.training.seq_len % parallel_dims.seq_len_divisor == 0
[rank0]:AssertionError: 
[rank0]:        Sequence length 2049 must be divisible by the product of TP degree
[rank0]:        (1) and 2 * CP degree (1).
[rank0]:        
[rank0]:[rank0]: Traceback (most recent call last):
[rank0]:[rank0]:   File "<frozen runpy>", line 198, in _run_module_as_main
[rank0]:[rank0]:   File "<frozen runpy>", line 88, in _run_code
[rank0]:[rank0]:   File "/nfs-share/aai30/projects/torchtitan/torchtitan/experiments/fl/train.py", line 652, in <module>
[rank0]:[rank0]:     main()
[rank0]:[rank0]:   File "/nfs-share/aai30/projects/torchtitan/torchtitan/experiments/fl/train.py", line 485, in main
[rank0]:[rank0]:     trainer = Trainer(job_config)
[rank0]:[rank0]:               ^^^^^^^^^^^^^^^^^^^
[rank0]:[rank0]:   File "/nfs-share/aai30/projects/torchtitan/.venv/lib/python3.12/site-packages/torch/distributed/elastic/multiprocessing/errors/__init__.py", line 362, in wrapper
[rank0]:[rank0]:     return f(*args, **kwargs)
[rank0]:[rank0]:            ^^^^^^^^^^^^^^^^^^
[rank0]:[rank0]:   File "/nfs-share/aai30/projects/torchtitan/torchtitan/train.py", line 264, in __init__
[rank0]:[rank0]:     model = self.train_spec.parallelize_fn(model, parallel_dims, job_config)
[rank0]:[rank0]:             ^^^^^^^^^^^^^^^^^^^^^^^^^^^^^^^^^^^^^^^^^^^^^^^^^^^^^^^^^^^^^^^^
[rank0]:[rank0]:   File "/nfs-share/aai30/projects/torchtitan/torchtitan/experiments/fl/models/llama3_mup/infra/parallelize.py", line 129, in parallelize_llama_mup
[rank0]:[rank0]:     job_config.training.seq_len % parallel_dims.seq_len_divisor == 0
[rank0]:[rank0]: AssertionError: 
[rank0]:[rank0]:         Sequence length 2049 must be divisible by the product of TP degree
[rank0]:[rank0]:         (1) and 2 * CP degree (1).
[rank0]:[rank0]:         
E1108 12:31:13.851000 1269245 torch/distributed/elastic/multiprocessing/api.py:974] failed (exitcode: 1) local_rank: 0 (pid: 1269260) of binary: /nfs-share/aai30/projects/torchtitan/.venv/bin/python3
E1108 12:31:13.857000 1269245 torch/distributed/elastic/multiprocessing/errors/error_handler.py:145] no error file defined for parent, to copy child error file (/tmp/torchelastic_urfppd43/iclr2026-vlr-6a72b683-v0p98-sw1p41421356237-20251108-123049-idx0_umrlz59u/attempt_0/0/error.json)
Traceback (most recent call last):
  File "/nfs-share/aai30/projects/torchtitan/.venv/bin/torchrun", line 10, in <module>
    sys.exit(main())
             ^^^^^^
  File "/nfs-share/aai30/projects/torchtitan/.venv/lib/python3.12/site-packages/torch/distributed/elastic/multiprocessing/errors/__init__.py", line 362, in wrapper
    return f(*args, **kwargs)
           ^^^^^^^^^^^^^^^^^^
  File "/nfs-share/aai30/projects/torchtitan/.venv/lib/python3.12/site-packages/torch/distributed/run.py", line 977, in main
    run(args)
  File "/nfs-share/aai30/projects/torchtitan/.venv/lib/python3.12/site-packages/torch/distributed/run.py", line 968, in run
    elastic_launch(
  File "/nfs-share/aai30/projects/torchtitan/.venv/lib/python3.12/site-packages/torch/distributed/launcher/api.py", line 165, in __call__
    return launch_agent(self._config, self._entrypoint, list(args))
           ^^^^^^^^^^^^^^^^^^^^^^^^^^^^^^^^^^^^^^^^^^^^^^^^^^^^^^^^
  File "/nfs-share/aai30/projects/torchtitan/.venv/lib/python3.12/site-packages/torch/distributed/launcher/api.py", line 312, in launch_agent
    raise ChildFailedError(
torch.distributed.elastic.multiprocessing.errors.ChildFailedError: 
============================================================
torchtitan.experiments.fl.train FAILED
------------------------------------------------------------
Failures:
  <NO_OTHER_FAILURES>
------------------------------------------------------------
Root Cause (first observed failure):
[0]:
  time      : 2025-11-08_12:31:11
  host      : ruapehu.cl.cam.ac.uk
  rank      : 0 (local_rank: 0)
  exitcode  : 1 (pid: 1269260)
  error_file: /tmp/torchelastic_urfppd43/iclr2026-vlr-6a72b683-v0p98-sw1p41421356237-20251108-123049-idx0_umrlz59u/attempt_0/0/error.json
  traceback : Traceback (most recent call last):
    File "/nfs-share/aai30/projects/torchtitan/.venv/lib/python3.12/site-packages/torch/distributed/elastic/multiprocessing/errors/__init__.py", line 362, in wrapper
      return f(*args, **kwargs)
             ^^^^^^^^^^^^^^^^^^
    File "/nfs-share/aai30/projects/torchtitan/torchtitan/train.py", line 264, in __init__
      model = self.train_spec.parallelize_fn(model, parallel_dims, job_config)
              ^^^^^^^^^^^^^^^^^^^^^^^^^^^^^^^^^^^^^^^^^^^^^^^^^^^^^^^^^^^^^^^^
    File "/nfs-share/aai30/projects/torchtitan/torchtitan/experiments/fl/models/llama3_mup/infra/parallelize.py", line 129, in parallelize_llama_mup
      job_config.training.seq_len % parallel_dims.seq_len_divisor == 0
  AssertionError: 
          Sequence length 2049 must be divisible by the product of TP degree
          (1) and 2 * CP degree (1).
          
  
============================================================
