[rank0]:wandb: Currently logged in as: alexiacob (camlsys) to https://api.wandb.ai. Use `wandb login --relogin` to force relogin
[rank0]:wandb: setting up run 4dziuth4
[rank0]:wandb: Tracking run with wandb version 0.22.1
[rank0]:wandb: Run data is saved locally in ./outputs/iclr2026-vlr-73f7a163-v0p98-sw4-20251108-130918-idx2/tb/20251108-1309/rank_0/wandb/run-20251108_130938-4dziuth4
[rank0]:wandb: Run `wandb offline` to turn off syncing.
[rank0]:wandb: Syncing run iclr2026-vlr-73f7a163-v0p98-sw4-20251108-130918-idx2-worker0-rep0-rank0
[rank0]:wandb: ⭐️ View project at https://wandb.ai/camlsys/torchtitan_tune_lr
[rank0]:wandb: 🚀 View run at https://wandb.ai/camlsys/torchtitan_tune_lr/runs/4dziuth4
[rank0]:
[rank0]:Downloading torchtitan/16M-baseline-202510...3_manifest.json:   0%|          | 0.00/77.0 [00:00<?, ?iB/s]
[rank0]:Downloading torchtitan/16M-baseline-202510...3_manifest.json: 100%|██████████| 77.0/77.0 [00:00<00:00, 358kiB/s]
[rank0]:
[rank0]:Downloading torchtitan/16M-baseline-202510...-2048/.metadata:   0%|          | 0.00/390k [00:00<?, ?iB/s]
[rank0]:Downloading torchtitan/16M-baseline-202510...-2048/.metadata:  33%|███▎      | 128k/390k [00:00<00:00, 24.7MiB/s]
[rank0]:
[rank0]:Downloading torchtitan/16M-baseline-202510...48/__0_0.distcp:   0%|          | 0.00/62.1M [00:00<?, ?iB/s][rank0]:
[rank0]:Downloading torchtitan/16M-baseline-202510...48/__0_0.distcp:   0%|          | 262k/62.1M [00:00<00:34, 1.80MiB/s]
[rank0]:
[rank0]:Downloading torchtitan/16M-baseline-202510...48/__1_0.distcp:   0%|          | 0.00/62.4M [00:00<?, ?iB/s]
[rank0]:
[rank0]:
[rank0]:Downloading torchtitan/16M-baseline-202510...48/__1_0.distcp:   0%|          | 0.00/62.4M [00:00<?, ?iB/s][A[A
[rank0]:Downloading torchtitan/16M-baseline-202510...48/__1_0.distcp:   0%|          | 0.00/62.4M [00:00<?, ?iB/s]
[rank0]:Downloading torchtitan/16M-baseline-202510...48/__1_0.distcp:   0%|          | 262k/62.4M [00:00<00:01, 57.2MiB/s]
[rank0]:
[rank0]:
[rank0]:Downloading torchtitan/16M-baseline-202510...48/__1_0.distcp:   0%|          | 0.00/62.4M [00:00<?, ?iB/s][A
[rank0]:Downloading torchtitan/16M-baseline-202510...48/__1_0.distcp:   0%|          | 262k/62.4M [00:00<00:01, 38.2MiB/s]
[rank0]:
[rank0]:Downloading torchtitan/16M-baseline-202510...48/__1_0.distcp:   0%|          | 262k/62.4M [00:00<00:01, 34.4MiB/s]
[rank0]:
[rank0]:Downloading torchtitan/16M-baseline-202510...48/__1_0.distcp:   0%|          | 262k/62.4M [00:00<00:34, 1.81MiB/s]
[rank0]:
[rank0]:Downloading torchtitan/16M-baseline-202510...48/__2_0.distcp:   0%|          | 0.00/62.4M [00:00<?, ?iB/s]
[rank0]:
[rank0]:
[rank0]:
[rank0]:Downloading torchtitan/16M-baseline-202510...48/__2_0.distcp:   0%|          | 0.00/62.4M [00:00<?, ?iB/s][A[A[A
[rank0]:
[rank0]:Downloading torchtitan/16M-baseline-202510...48/__2_0.distcp:   0%|          | 0.00/62.4M [00:00<?, ?iB/s][A
[rank0]:Downloading torchtitan/16M-baseline-202510...48/__2_0.distcp:   0%|          | 262k/62.4M [00:00<00:01, 37.9MiB/s]
[rank0]:
[rank0]:
[rank0]:
[rank0]:Downloading torchtitan/16M-baseline-202510...48/__2_0.distcp:   0%|          | 0.00/62.4M [00:00<?, ?iB/s][A[A
[rank0]:Downloading torchtitan/16M-baseline-202510...48/__2_0.distcp:   0%|          | 262k/62.4M [00:00<00:02, 30.8MiB/s]
[rank0]:
[rank0]:Downloading torchtitan/16M-baseline-202510...48/__2_0.distcp:   0%|          | 262k/62.4M [00:00<00:02, 30.5MiB/s]
[rank0]:
[rank0]:Downloading torchtitan/16M-baseline-202510...48/__2_0.distcp:   0%|          | 262k/62.4M [00:00<00:32, 1.91MiB/s]
[rank0]:
[rank0]:Downloading torchtitan/16M-baseline-202510...48/__3_0.distcp:   0%|          | 0.00/62.4M [00:00<?, ?iB/s]
[rank0]:
[rank0]:
[rank0]:Downloading torchtitan/16M-baseline-202510...48/__3_0.distcp:   0%|          | 0.00/62.4M [00:00<?, ?iB/s][A[A
[rank0]:
[rank0]:Downloading torchtitan/16M-baseline-202510...48/__3_0.distcp:   0%|          | 0.00/62.4M [00:00<?, ?iB/s][A
[rank0]:Downloading torchtitan/16M-baseline-202510...48/__3_0.distcp:   0%|          | 262k/62.4M [00:00<00:03, 20.6MiB/s]
[rank0]:
[rank0]:Downloading torchtitan/16M-baseline-202510...48/__3_0.distcp:   0%|          | 262k/62.4M [00:00<00:02, 29.6MiB/s]
[rank0]:
[rank0]:Downloading torchtitan/16M-baseline-202510...48/__3_0.distcp:   0%|          | 262k/62.4M [00:00<00:32, 1.92MiB/s]
[rank0]:/nfs-share/aai30/projects/torchtitan/.venv/lib/python3.12/site-packages/torch/distributed/c10d_logger.py:83: UserWarning: barrier(): using the device under current context. You can specify `device_id` in `init_process_group` to mute this warning.
[rank0]:  return func(*args, **kwargs)
[rank0]:/nfs-share/aai30/projects/torchtitan/torchtitan/experiments/fl/optimizers/qhadamw.py:497: UserWarning: `torch._utils.is_compiling` is deprecated. Use `torch.compiler.is_compiling` instead.
[rank0]:  not torch._utils.is_compiling() and capturable  # pyright: ignore[reportAttributeAccessIssue]
[rank0]:/nfs-share/aai30/projects/torchtitan/torchtitan/experiments/fl/optimizers/qhadamw.py:497: UserWarning: `torch._utils.is_compiling` is deprecated. Use `torch.compiler.is_compiling` instead.
[rank0]:  not torch._utils.is_compiling() and capturable  # pyright: ignore[reportAttributeAccessIssue]
[rank0]:[0] 2025-11-08 13:18:19,053 - root - INFO - Initializing dist.ProcessGroup in checkpoint background process
[rank0]:[0] 2025-11-08 13:18:19,059 - root - INFO - Checkpoint background process is running...
[rank0]:[0] 2025-11-08 13:18:19,059 - root - INFO - Waiting for checkpoint save request...
[rank0]:[0] 2025-11-08 13:18:19,160 - root - INFO - Received async checkpoint request with id=./outputs/iclr2026-vlr-73f7a163-v0p98-sw4-20251108-130918-idx2/checkpoints/step-4096
[rank0]:[0] 2025-11-08 13:18:20,093 - root - INFO - Completed checkpoint save request for checkpoint_id=_CheckpointRequestIdentifier(checkpoint_id='./outputs/iclr2026-vlr-73f7a163-v0p98-sw4-20251108-130918-idx2/checkpoints/step-4096', uuid='e8416e57-e26a-4ac6-9422-3e9317375e1f')
[rank0]:[0] 2025-11-08 13:18:20,093 - root - INFO - Waiting for checkpoint save request...
[rank0]:[0] 2025-11-08 13:26:04,125 - root - INFO - Received async checkpoint request with id=./outputs/iclr2026-vlr-73f7a163-v0p98-sw4-20251108-130918-idx2/checkpoints/step-6144
[rank0]:[0] 2025-11-08 13:26:04,652 - root - INFO - Completed checkpoint save request for checkpoint_id=_CheckpointRequestIdentifier(checkpoint_id='./outputs/iclr2026-vlr-73f7a163-v0p98-sw4-20251108-130918-idx2/checkpoints/step-6144', uuid='a7ffa414-9fba-4bd6-8d2f-f225a68db476')
[rank0]:[0] 2025-11-08 13:26:04,652 - root - INFO - Waiting for checkpoint save request...
[rank0]:[0] 2025-11-08 13:33:58,553 - root - INFO - Received async checkpoint request with id=./outputs/iclr2026-vlr-73f7a163-v0p98-sw4-20251108-130918-idx2/checkpoints/step-8192
[rank0]:[0] 2025-11-08 13:33:59,053 - root - INFO - Completed checkpoint save request for checkpoint_id=_CheckpointRequestIdentifier(checkpoint_id='./outputs/iclr2026-vlr-73f7a163-v0p98-sw4-20251108-130918-idx2/checkpoints/step-8192', uuid='78eed2f2-ba7b-41cc-9af3-014ee05387cd')
[rank0]:[0] 2025-11-08 13:33:59,053 - root - INFO - Waiting for checkpoint save request...
[rank0]:[0] 2025-11-08 13:41:54,502 - root - INFO - Received async checkpoint request with id=./outputs/iclr2026-vlr-73f7a163-v0p98-sw4-20251108-130918-idx2/checkpoints/step-10240
[rank0]:[0] 2025-11-08 13:41:55,114 - root - INFO - Completed checkpoint save request for checkpoint_id=_CheckpointRequestIdentifier(checkpoint_id='./outputs/iclr2026-vlr-73f7a163-v0p98-sw4-20251108-130918-idx2/checkpoints/step-10240', uuid='844f07b0-3101-400b-965d-54e4cecf7c7f')
[rank0]:[0] 2025-11-08 13:41:55,114 - root - INFO - Waiting for checkpoint save request...
[rank0]:[0] 2025-11-08 13:49:52,611 - root - INFO - Received async checkpoint request with id=./outputs/iclr2026-vlr-73f7a163-v0p98-sw4-20251108-130918-idx2/checkpoints/step-12288
[rank0]:[0] 2025-11-08 13:49:53,192 - root - INFO - Completed checkpoint save request for checkpoint_id=_CheckpointRequestIdentifier(checkpoint_id='./outputs/iclr2026-vlr-73f7a163-v0p98-sw4-20251108-130918-idx2/checkpoints/step-12288', uuid='1e762b24-d324-4c21-99ba-bbb60187d73c')
[rank0]:[0] 2025-11-08 13:49:53,192 - root - INFO - Waiting for checkpoint save request...
[rank0]:[0] 2025-11-08 13:57:51,205 - root - INFO - Received async checkpoint request with id=./outputs/iclr2026-vlr-73f7a163-v0p98-sw4-20251108-130918-idx2/checkpoints/step-14336
[rank0]:[0] 2025-11-08 13:57:51,800 - root - INFO - Completed checkpoint save request for checkpoint_id=_CheckpointRequestIdentifier(checkpoint_id='./outputs/iclr2026-vlr-73f7a163-v0p98-sw4-20251108-130918-idx2/checkpoints/step-14336', uuid='d7139bd5-9b2c-4637-9f83-f82936445467')
[rank0]:[0] 2025-11-08 13:57:51,800 - root - INFO - Waiting for checkpoint save request...
slurmstepd: error: *** JOB 26392 ON ruapehu CANCELLED AT 2025-11-08T14:02:52 ***
