[rank0]:wandb: Currently logged in as: alexiacob (camlsys) to https://api.wandb.ai. Use `wandb login --relogin` to force relogin
[rank0]:wandb: Tracking run with wandb version 0.22.1
[rank0]:wandb: Run data is saved locally in ./outputs/iclr2026-vlr-73f7a163-v0p98-sw2-20251108-130918-idx1/tb/20251108-1309/rank_0/wandb/run-20251108_130940-5f08fbbo
[rank0]:wandb: Run `wandb offline` to turn off syncing.
[rank0]:wandb: Syncing run iclr2026-vlr-73f7a163-v0p98-sw2-20251108-130918-idx1-worker0-rep0-rank0
[rank0]:wandb: ⭐️ View project at https://wandb.ai/camlsys/torchtitan_tune_lr
[rank0]:wandb: 🚀 View run at https://wandb.ai/camlsys/torchtitan_tune_lr/runs/5f08fbbo
[rank0]:
[rank0]:Downloading torchtitan/16M-baseline-202510...3_manifest.json:   0%|          | 0.00/77.0 [00:00<?, ?iB/s]
[rank0]:Downloading torchtitan/16M-baseline-202510...3_manifest.json: 100%|██████████| 77.0/77.0 [00:00<00:00, 282kiB/s]
[rank0]:
[rank0]:Downloading torchtitan/16M-baseline-202510...-2048/.metadata:   0%|          | 0.00/390k [00:00<?, ?iB/s]
[rank0]:Downloading torchtitan/16M-baseline-202510...-2048/.metadata:  33%|███▎      | 128k/390k [00:00<00:00, 20.9MiB/s]
[rank0]:
[rank0]:Downloading torchtitan/16M-baseline-202510...48/__0_0.distcp:   0%|          | 0.00/62.1M [00:00<?, ?iB/s][rank0]:
[rank0]:Downloading torchtitan/16M-baseline-202510...48/__0_0.distcp:   0%|          | 262k/62.1M [00:00<00:39, 1.56MiB/s]
[rank0]:
[rank0]:Downloading torchtitan/16M-baseline-202510...48/__1_0.distcp:   0%|          | 0.00/62.4M [00:00<?, ?iB/s]
[rank0]:
[rank0]:Downloading torchtitan/16M-baseline-202510...48/__1_0.distcp:   0%|          | 0.00/62.4M [00:00<?, ?iB/s][A
[rank0]:
[rank0]:
[rank0]:Downloading torchtitan/16M-baseline-202510...48/__1_0.distcp:   0%|          | 0.00/62.4M [00:00<?, ?iB/s][A[A
[rank0]:Downloading torchtitan/16M-baseline-202510...48/__1_0.distcp:   0%|          | 262k/62.4M [00:00<00:01, 49.4MiB/s]
[rank0]:
[rank0]:Downloading torchtitan/16M-baseline-202510...48/__1_0.distcp:   0%|          | 262k/62.4M [00:00<00:01, 51.7MiB/s]
[rank0]:
[rank0]:Downloading torchtitan/16M-baseline-202510...48/__1_0.distcp:   0%|          | 262k/62.4M [00:00<00:36, 1.68MiB/s]
[rank0]:
[rank0]:Downloading torchtitan/16M-baseline-202510...48/__2_0.distcp:   0%|          | 0.00/62.4M [00:00<?, ?iB/s]
[rank0]:
[rank0]:Downloading torchtitan/16M-baseline-202510...48/__2_0.distcp:   0%|          | 0.00/62.4M [00:00<?, ?iB/s][A
[rank0]:Downloading torchtitan/16M-baseline-202510...48/__2_0.distcp:   0%|          | 0.00/62.4M [00:00<?, ?iB/s]
[rank0]:Downloading torchtitan/16M-baseline-202510...48/__2_0.distcp:   0%|          | 262k/62.4M [00:00<00:00, 71.5MiB/s]
[rank0]:
[rank0]:Downloading torchtitan/16M-baseline-202510...48/__2_0.distcp:   0%|          | 262k/62.4M [00:00<00:00, 70.1MiB/s]
[rank0]:
[rank0]:
[rank0]:Downloading torchtitan/16M-baseline-202510...48/__2_0.distcp:   0%|          | 0.00/62.4M [00:00<?, ?iB/s][A
[rank0]:Downloading torchtitan/16M-baseline-202510...48/__2_0.distcp:   0%|          | 262k/62.4M [00:00<00:01, 43.6MiB/s]
[rank0]:
[rank0]:Downloading torchtitan/16M-baseline-202510...48/__2_0.distcp:   0%|          | 262k/62.4M [00:00<00:30, 2.01MiB/s]
[rank0]:
[rank0]:Downloading torchtitan/16M-baseline-202510...48/__3_0.distcp:   0%|          | 0.00/62.4M [00:00<?, ?iB/s]
[rank0]:
[rank0]:Downloading torchtitan/16M-baseline-202510...48/__3_0.distcp:   0%|          | 0.00/62.4M [00:00<?, ?iB/s][A
[rank0]:
[rank0]:
[rank0]:Downloading torchtitan/16M-baseline-202510...48/__3_0.distcp:   0%|          | 0.00/62.4M [00:00<?, ?iB/s][A[A
[rank0]:Downloading torchtitan/16M-baseline-202510...48/__3_0.distcp:   0%|          | 262k/62.4M [00:00<00:02, 29.2MiB/s]
[rank0]:
[rank0]:Downloading torchtitan/16M-baseline-202510...48/__3_0.distcp:   0%|          | 262k/62.4M [00:00<00:01, 58.2MiB/s]
[rank0]:
[rank0]:Downloading torchtitan/16M-baseline-202510...48/__3_0.distcp:   0%|          | 39.8k/62.4M [00:00<03:30, 296kiB/s]
[rank0]:/nfs-share/aai30/projects/torchtitan/.venv/lib/python3.12/site-packages/torch/distributed/c10d_logger.py:83: UserWarning: barrier(): using the device under current context. You can specify `device_id` in `init_process_group` to mute this warning.
[rank0]:  return func(*args, **kwargs)
[rank0]:/nfs-share/aai30/projects/torchtitan/torchtitan/experiments/fl/optimizers/qhadamw.py:497: UserWarning: `torch._utils.is_compiling` is deprecated. Use `torch.compiler.is_compiling` instead.
[rank0]:  not torch._utils.is_compiling() and capturable  # pyright: ignore[reportAttributeAccessIssue]
[rank0]:/nfs-share/aai30/projects/torchtitan/torchtitan/experiments/fl/optimizers/qhadamw.py:497: UserWarning: `torch._utils.is_compiling` is deprecated. Use `torch.compiler.is_compiling` instead.
[rank0]:  not torch._utils.is_compiling() and capturable  # pyright: ignore[reportAttributeAccessIssue]
[rank0]:[0] 2025-11-08 13:18:37,001 - root - INFO - Initializing dist.ProcessGroup in checkpoint background process
[rank0]:[0] 2025-11-08 13:18:37,007 - root - INFO - Checkpoint background process is running...
[rank0]:[0] 2025-11-08 13:18:37,007 - root - INFO - Waiting for checkpoint save request...
[rank0]:[0] 2025-11-08 13:18:37,134 - root - INFO - Received async checkpoint request with id=./outputs/iclr2026-vlr-73f7a163-v0p98-sw2-20251108-130918-idx1/checkpoints/step-4096
[rank0]:[0] 2025-11-08 13:18:37,910 - root - INFO - Completed checkpoint save request for checkpoint_id=_CheckpointRequestIdentifier(checkpoint_id='./outputs/iclr2026-vlr-73f7a163-v0p98-sw2-20251108-130918-idx1/checkpoints/step-4096', uuid='14e53252-80c1-4e4b-b60a-27a5bae884e9')
[rank0]:[0] 2025-11-08 13:18:37,910 - root - INFO - Waiting for checkpoint save request...
[rank0]:[0] 2025-11-08 13:26:44,087 - root - INFO - Received async checkpoint request with id=./outputs/iclr2026-vlr-73f7a163-v0p98-sw2-20251108-130918-idx1/checkpoints/step-6144
[rank0]:[0] 2025-11-08 13:26:44,641 - root - INFO - Completed checkpoint save request for checkpoint_id=_CheckpointRequestIdentifier(checkpoint_id='./outputs/iclr2026-vlr-73f7a163-v0p98-sw2-20251108-130918-idx1/checkpoints/step-6144', uuid='5310e5a2-ca81-4a08-b9a1-ad9b57de61aa')
[rank0]:[0] 2025-11-08 13:26:44,641 - root - INFO - Waiting for checkpoint save request...
[rank0]:[0] 2025-11-08 13:34:57,939 - root - INFO - Received async checkpoint request with id=./outputs/iclr2026-vlr-73f7a163-v0p98-sw2-20251108-130918-idx1/checkpoints/step-8192
[rank0]:[0] 2025-11-08 13:34:58,535 - root - INFO - Completed checkpoint save request for checkpoint_id=_CheckpointRequestIdentifier(checkpoint_id='./outputs/iclr2026-vlr-73f7a163-v0p98-sw2-20251108-130918-idx1/checkpoints/step-8192', uuid='e5d7da48-baca-4895-937e-dfe75eff58fa')
[rank0]:[0] 2025-11-08 13:34:58,535 - root - INFO - Waiting for checkpoint save request...
[rank0]:[0] 2025-11-08 13:43:13,457 - root - INFO - Received async checkpoint request with id=./outputs/iclr2026-vlr-73f7a163-v0p98-sw2-20251108-130918-idx1/checkpoints/step-10240
[rank0]:[0] 2025-11-08 13:43:14,060 - root - INFO - Completed checkpoint save request for checkpoint_id=_CheckpointRequestIdentifier(checkpoint_id='./outputs/iclr2026-vlr-73f7a163-v0p98-sw2-20251108-130918-idx1/checkpoints/step-10240', uuid='8838c0a1-49c6-4377-9b8e-2f44fec9a940')
[rank0]:[0] 2025-11-08 13:43:14,060 - root - INFO - Waiting for checkpoint save request...
[rank0]:[0] 2025-11-08 13:51:29,469 - root - INFO - Received async checkpoint request with id=./outputs/iclr2026-vlr-73f7a163-v0p98-sw2-20251108-130918-idx1/checkpoints/step-12288
[rank0]:[0] 2025-11-08 13:51:30,001 - root - INFO - Completed checkpoint save request for checkpoint_id=_CheckpointRequestIdentifier(checkpoint_id='./outputs/iclr2026-vlr-73f7a163-v0p98-sw2-20251108-130918-idx1/checkpoints/step-12288', uuid='72860a64-5058-4fa8-83ee-b429d9a5ab37')
[rank0]:[0] 2025-11-08 13:51:30,001 - root - INFO - Waiting for checkpoint save request...
[rank0]:[0] 2025-11-08 13:59:45,398 - root - INFO - Received async checkpoint request with id=./outputs/iclr2026-vlr-73f7a163-v0p98-sw2-20251108-130918-idx1/checkpoints/step-14336
[rank0]:[0] 2025-11-08 13:59:46,046 - root - INFO - Completed checkpoint save request for checkpoint_id=_CheckpointRequestIdentifier(checkpoint_id='./outputs/iclr2026-vlr-73f7a163-v0p98-sw2-20251108-130918-idx1/checkpoints/step-14336', uuid='9096886e-86a9-4266-a944-9f038bb0aee0')
[rank0]:[0] 2025-11-08 13:59:46,046 - root - INFO - Waiting for checkpoint save request...
slurmstepd: error: *** JOB 26391 ON ruapehu CANCELLED AT 2025-11-08T14:03:02 ***
