[rank0]:wandb: Currently logged in as: alexiacob (camlsys) to https://api.wandb.ai. Use `wandb login --relogin` to force relogin
[rank0]:wandb: setting up run g0sezku5
[rank0]:wandb: Tracking run with wandb version 0.22.1
[rank0]:wandb: Run data is saved locally in ./outputs/iclr2026-vlr-73f7a163-v0p98-sw1-20251108-130918-idx0/tb/20251108-1309/rank_0/wandb/run-20251108_130941-g0sezku5
[rank0]:wandb: Run `wandb offline` to turn off syncing.
[rank0]:wandb: Syncing run iclr2026-vlr-73f7a163-v0p98-sw1-20251108-130918-idx0-worker0-rep0-rank0
[rank0]:wandb: ⭐️ View project at https://wandb.ai/camlsys/torchtitan_tune_lr
[rank0]:wandb: 🚀 View run at https://wandb.ai/camlsys/torchtitan_tune_lr/runs/g0sezku5
[rank0]:
[rank0]:Downloading torchtitan/16M-baseline-202510...3_manifest.json:   0%|          | 0.00/77.0 [00:00<?, ?iB/s]
[rank0]:Downloading torchtitan/16M-baseline-202510...3_manifest.json: 100%|██████████| 77.0/77.0 [00:00<00:00, 403kiB/s]
[rank0]:
[rank0]:Downloading torchtitan/16M-baseline-202510...-2048/.metadata:   0%|          | 0.00/390k [00:00<?, ?iB/s]
[rank0]:Downloading torchtitan/16M-baseline-202510...-2048/.metadata:  33%|███▎      | 128k/390k [00:00<00:00, 25.1MiB/s]
[rank0]:
[rank0]:Downloading torchtitan/16M-baseline-202510...48/__0_0.distcp:   0%|          | 0.00/62.1M [00:00<?, ?iB/s][rank0]:
[rank0]:Downloading torchtitan/16M-baseline-202510...48/__0_0.distcp:   0%|          | 262k/62.1M [00:00<00:34, 1.81MiB/s]
[rank0]:
[rank0]:Downloading torchtitan/16M-baseline-202510...48/__1_0.distcp:   0%|          | 0.00/62.4M [00:00<?, ?iB/s]
[rank0]:
[rank0]:Downloading torchtitan/16M-baseline-202510...48/__1_0.distcp:   0%|          | 0.00/62.4M [00:00<?, ?iB/s][A
[rank0]:
[rank0]:
[rank0]:Downloading torchtitan/16M-baseline-202510...48/__1_0.distcp:   0%|          | 0.00/62.4M [00:00<?, ?iB/s][A[A
[rank0]:Downloading torchtitan/16M-baseline-202510...48/__1_0.distcp:   0%|          | 262k/62.4M [00:00<00:00, 62.3MiB/s]
[rank0]:
[rank0]:Downloading torchtitan/16M-baseline-202510...48/__1_0.distcp:   0%|          | 262k/62.4M [00:00<00:00, 77.0MiB/s]
[rank0]:
[rank0]:Downloading torchtitan/16M-baseline-202510...48/__1_0.distcp:   0%|          | 262k/62.4M [00:00<00:33, 1.85MiB/s]
[rank0]:
[rank0]:Downloading torchtitan/16M-baseline-202510...48/__2_0.distcp:   0%|          | 0.00/62.4M [00:00<?, ?iB/s][rank0]:
[rank0]:Downloading torchtitan/16M-baseline-202510...48/__2_0.distcp:   0%|          | 262k/62.4M [00:00<00:35, 1.75MiB/s]
[rank0]:
[rank0]:Downloading torchtitan/16M-baseline-202510...48/__3_0.distcp:   0%|          | 0.00/62.4M [00:00<?, ?iB/s]
[rank0]:
[rank0]:Downloading torchtitan/16M-baseline-202510...48/__3_0.distcp:   0%|          | 0.00/62.4M [00:00<?, ?iB/s][A
[rank0]:Downloading torchtitan/16M-baseline-202510...48/__3_0.distcp:   0%|          | 262k/62.4M [00:00<00:01, 52.9MiB/s]
[rank0]:
[rank0]:Downloading torchtitan/16M-baseline-202510...48/__3_0.distcp:   0%|          | 262k/62.4M [00:00<00:37, 1.68MiB/s]
[rank0]:/nfs-share/aai30/projects/torchtitan/.venv/lib/python3.12/site-packages/torch/distributed/c10d_logger.py:83: UserWarning: barrier(): using the device under current context. You can specify `device_id` in `init_process_group` to mute this warning.
[rank0]:  return func(*args, **kwargs)
[rank0]:/nfs-share/aai30/projects/torchtitan/torchtitan/experiments/fl/optimizers/qhadamw.py:497: UserWarning: `torch._utils.is_compiling` is deprecated. Use `torch.compiler.is_compiling` instead.
[rank0]:  not torch._utils.is_compiling() and capturable  # pyright: ignore[reportAttributeAccessIssue]
[rank0]:/nfs-share/aai30/projects/torchtitan/torchtitan/experiments/fl/optimizers/qhadamw.py:497: UserWarning: `torch._utils.is_compiling` is deprecated. Use `torch.compiler.is_compiling` instead.
[rank0]:  not torch._utils.is_compiling() and capturable  # pyright: ignore[reportAttributeAccessIssue]
[rank0]:[0] 2025-11-08 13:18:29,574 - root - INFO - Initializing dist.ProcessGroup in checkpoint background process
[rank0]:[0] 2025-11-08 13:18:29,580 - root - INFO - Checkpoint background process is running...
[rank0]:[0] 2025-11-08 13:18:29,580 - root - INFO - Waiting for checkpoint save request...
[rank0]:[0] 2025-11-08 13:18:29,722 - root - INFO - Received async checkpoint request with id=./outputs/iclr2026-vlr-73f7a163-v0p98-sw1-20251108-130918-idx0/checkpoints/step-4096
[rank0]:[0] 2025-11-08 13:18:30,591 - root - INFO - Completed checkpoint save request for checkpoint_id=_CheckpointRequestIdentifier(checkpoint_id='./outputs/iclr2026-vlr-73f7a163-v0p98-sw1-20251108-130918-idx0/checkpoints/step-4096', uuid='201bf559-3bf4-42c0-b247-722237fb7b27')
[rank0]:[0] 2025-11-08 13:18:30,591 - root - INFO - Waiting for checkpoint save request...
[rank0]:[0] 2025-11-08 13:26:29,728 - root - INFO - Received async checkpoint request with id=./outputs/iclr2026-vlr-73f7a163-v0p98-sw1-20251108-130918-idx0/checkpoints/step-6144
[rank0]:[0] 2025-11-08 13:26:30,297 - root - INFO - Completed checkpoint save request for checkpoint_id=_CheckpointRequestIdentifier(checkpoint_id='./outputs/iclr2026-vlr-73f7a163-v0p98-sw1-20251108-130918-idx0/checkpoints/step-6144', uuid='dbcd6915-077d-4d5e-9c4d-dff47549930c')
[rank0]:[0] 2025-11-08 13:26:30,297 - root - INFO - Waiting for checkpoint save request...
[rank0]:[0] 2025-11-08 13:34:35,902 - root - INFO - Received async checkpoint request with id=./outputs/iclr2026-vlr-73f7a163-v0p98-sw1-20251108-130918-idx0/checkpoints/step-8192
[rank0]:[0] 2025-11-08 13:34:36,451 - root - INFO - Completed checkpoint save request for checkpoint_id=_CheckpointRequestIdentifier(checkpoint_id='./outputs/iclr2026-vlr-73f7a163-v0p98-sw1-20251108-130918-idx0/checkpoints/step-8192', uuid='b8ef9207-2ed1-400e-ba71-517eb3be3ffa')
[rank0]:[0] 2025-11-08 13:34:36,451 - root - INFO - Waiting for checkpoint save request...
[rank0]:[0] 2025-11-08 13:42:42,698 - root - INFO - Received async checkpoint request with id=./outputs/iclr2026-vlr-73f7a163-v0p98-sw1-20251108-130918-idx0/checkpoints/step-10240
[rank0]:[0] 2025-11-08 13:42:43,315 - root - INFO - Completed checkpoint save request for checkpoint_id=_CheckpointRequestIdentifier(checkpoint_id='./outputs/iclr2026-vlr-73f7a163-v0p98-sw1-20251108-130918-idx0/checkpoints/step-10240', uuid='2287fdcc-0a01-4474-b06d-2bad791e4c2f')
[rank0]:[0] 2025-11-08 13:42:43,315 - root - INFO - Waiting for checkpoint save request...
[rank0]:[0] 2025-11-08 13:50:51,318 - root - INFO - Received async checkpoint request with id=./outputs/iclr2026-vlr-73f7a163-v0p98-sw1-20251108-130918-idx0/checkpoints/step-12288
[rank0]:[0] 2025-11-08 13:50:51,925 - root - INFO - Completed checkpoint save request for checkpoint_id=_CheckpointRequestIdentifier(checkpoint_id='./outputs/iclr2026-vlr-73f7a163-v0p98-sw1-20251108-130918-idx0/checkpoints/step-12288', uuid='a7f5b448-4069-406a-9177-5c5c8d437dd5')
[rank0]:[0] 2025-11-08 13:50:51,925 - root - INFO - Waiting for checkpoint save request...
[rank0]:[0] 2025-11-08 13:58:58,631 - root - INFO - Received async checkpoint request with id=./outputs/iclr2026-vlr-73f7a163-v0p98-sw1-20251108-130918-idx0/checkpoints/step-14336
[rank0]:[0] 2025-11-08 13:58:59,217 - root - INFO - Completed checkpoint save request for checkpoint_id=_CheckpointRequestIdentifier(checkpoint_id='./outputs/iclr2026-vlr-73f7a163-v0p98-sw1-20251108-130918-idx0/checkpoints/step-14336', uuid='8b1a0a29-16ca-4960-8d13-34458b4c7946')
[rank0]:[0] 2025-11-08 13:58:59,217 - root - INFO - Waiting for checkpoint save request...
slurmstepd: error: *** JOB 26390 ON ruapehu CANCELLED AT 2025-11-08T14:03:06 ***
