[rank0]:wandb: Currently logged in as: alexiacob (camlsys) to https://api.wandb.ai. Use `wandb login --relogin` to force relogin
[rank0]:wandb: setting up run it0ylizn
[rank0]:wandb: Tracking run with wandb version 0.22.1
[rank0]:wandb: Run data is saved locally in ./outputs/iclr2026-vlr-73f7a163-v0p98-sw8-20251108-140736-idx3/tb/20251108-1407/rank_0/wandb/run-20251108_140755-it0ylizn
[rank0]:wandb: Run `wandb offline` to turn off syncing.
[rank0]:wandb: Syncing run iclr2026-vlr-73f7a163-v0p98-sw8-20251108-140736-idx3-worker0-rep0-rank0
[rank0]:wandb: ⭐️ View project at https://wandb.ai/camlsys/torchtitan_tune_lr
[rank0]:wandb: 🚀 View run at https://wandb.ai/camlsys/torchtitan_tune_lr/runs/it0ylizn
[rank0]:
[rank0]:Downloading torchtitan/16M-baseline-202510...3_manifest.json:   0%|          | 0.00/77.0 [00:00<?, ?iB/s]
[rank0]:Downloading torchtitan/16M-baseline-202510...3_manifest.json: 100%|██████████| 77.0/77.0 [00:00<00:00, 562kiB/s]
[rank0]:
[rank0]:Downloading torchtitan/16M-baseline-202510...-2048/.metadata:   0%|          | 0.00/390k [00:00<?, ?iB/s]
[rank0]:Downloading torchtitan/16M-baseline-202510...-2048/.metadata:  33%|███▎      | 128k/390k [00:00<00:00, 19.1MiB/s]
[rank0]:
[rank0]:Downloading torchtitan/16M-baseline-202510...48/__0_0.distcp:   0%|          | 0.00/62.1M [00:00<?, ?iB/s]
[rank0]:
[rank0]:Downloading torchtitan/16M-baseline-202510...48/__0_0.distcp:   0%|          | 0.00/62.1M [00:00<?, ?iB/s][A
[rank0]:Downloading torchtitan/16M-baseline-202510...48/__0_0.distcp:   0%|          | 262k/62.1M [00:00<00:01, 54.9MiB/s]
[rank0]:
[rank0]:Downloading torchtitan/16M-baseline-202510...48/__0_0.distcp:   0%|          | 262k/62.1M [00:00<00:32, 1.90MiB/s]
[rank0]:
[rank0]:Downloading torchtitan/16M-baseline-202510...48/__1_0.distcp:   0%|          | 0.00/62.4M [00:00<?, ?iB/s]
[rank0]:
[rank0]:Downloading torchtitan/16M-baseline-202510...48/__1_0.distcp:   0%|          | 0.00/62.4M [00:00<?, ?iB/s][A
[rank0]:Downloading torchtitan/16M-baseline-202510...48/__1_0.distcp:   0%|          | 262k/62.4M [00:00<00:00, 93.0MiB/s]
[rank0]:
[rank0]:Downloading torchtitan/16M-baseline-202510...48/__1_0.distcp:   0%|          | 262k/62.4M [00:00<00:35, 1.74MiB/s]
[rank0]:
[rank0]:Downloading torchtitan/16M-baseline-202510...48/__2_0.distcp:   0%|          | 0.00/62.4M [00:00<?, ?iB/s]
[rank0]:
[rank0]:Downloading torchtitan/16M-baseline-202510...48/__2_0.distcp:   0%|          | 0.00/62.4M [00:00<?, ?iB/s][A
[rank0]:Downloading torchtitan/16M-baseline-202510...48/__2_0.distcp:   0%|          | 262k/62.4M [00:00<00:00, 107MiB/s]
[rank0]:
[rank0]:Downloading torchtitan/16M-baseline-202510...48/__2_0.distcp:   0%|          | 262k/62.4M [00:00<00:32, 1.89MiB/s]
[rank0]:
[rank0]:Downloading torchtitan/16M-baseline-202510...48/__3_0.distcp:   0%|          | 0.00/62.4M [00:00<?, ?iB/s]
[rank0]:
[rank0]:Downloading torchtitan/16M-baseline-202510...48/__3_0.distcp:   0%|          | 0.00/62.4M [00:00<?, ?iB/s][A
[rank0]:Downloading torchtitan/16M-baseline-202510...48/__3_0.distcp:   0%|          | 0.00/62.4M [00:00<?, ?iB/s]
[rank0]:
[rank0]:
[rank0]:Downloading torchtitan/16M-baseline-202510...48/__3_0.distcp:   0%|          | 0.00/62.4M [00:00<?, ?iB/s][A[A
[rank0]:
[rank0]:
[rank0]:
[rank0]:Downloading torchtitan/16M-baseline-202510...48/__3_0.distcp:   0%|          | 0.00/62.4M [00:00<?, ?iB/s][A[A[A
[rank0]:
[rank0]:
[rank0]:
[rank0]:
[rank0]:Downloading torchtitan/16M-baseline-202510...48/__3_0.distcp:   0%|          | 0.00/62.4M [00:00<?, ?iB/s][A[A[A[A
[rank0]:Downloading torchtitan/16M-baseline-202510...48/__3_0.distcp:   0%|          | 262k/62.4M [00:00<00:01, 39.7MiB/s]
[rank0]:
[rank0]:Downloading torchtitan/16M-baseline-202510...48/__3_0.distcp:   0%|          | 262k/62.4M [00:00<00:01, 37.9MiB/s]
[rank0]:
[rank0]:Downloading torchtitan/16M-baseline-202510...48/__3_0.distcp:   0%|          | 262k/62.4M [00:00<00:01, 35.4MiB/s]
[rank0]:
[rank0]:Downloading torchtitan/16M-baseline-202510...48/__3_0.distcp:   0%|          | 262k/62.4M [00:00<00:01, 37.3MiB/s]
[rank0]:
[rank0]:Downloading torchtitan/16M-baseline-202510...48/__3_0.distcp:   0%|          | 262k/62.4M [00:00<00:01, 37.3MiB/s]
[rank0]:
[rank0]:Downloading torchtitan/16M-baseline-202510...48/__3_0.distcp:   0%|          | 262k/62.4M [00:00<00:38, 1.62MiB/s]
[rank0]:/nfs-share/aai30/projects/torchtitan/.venv/lib/python3.12/site-packages/torch/distributed/c10d_logger.py:83: UserWarning: barrier(): using the device under current context. You can specify `device_id` in `init_process_group` to mute this warning.
[rank0]:  return func(*args, **kwargs)
[rank0]:/nfs-share/aai30/projects/torchtitan/torchtitan/experiments/fl/optimizers/qhadamw.py:497: UserWarning: `torch._utils.is_compiling` is deprecated. Use `torch.compiler.is_compiling` instead.
[rank0]:  not torch._utils.is_compiling() and capturable  # pyright: ignore[reportAttributeAccessIssue]
[rank0]:/nfs-share/aai30/projects/torchtitan/torchtitan/experiments/fl/optimizers/qhadamw.py:497: UserWarning: `torch._utils.is_compiling` is deprecated. Use `torch.compiler.is_compiling` instead.
[rank0]:  not torch._utils.is_compiling() and capturable  # pyright: ignore[reportAttributeAccessIssue]
[rank0]:[0] 2025-11-08 14:16:49,172 - root - INFO - Initializing dist.ProcessGroup in checkpoint background process
[rank0]:[0] 2025-11-08 14:16:49,180 - root - INFO - Checkpoint background process is running...
[rank0]:[0] 2025-11-08 14:16:49,180 - root - INFO - Waiting for checkpoint save request...
[rank0]:[0] 2025-11-08 14:16:49,291 - root - INFO - Received async checkpoint request with id=./outputs/iclr2026-vlr-73f7a163-v0p98-sw8-20251108-140736-idx3/checkpoints/step-4096
[rank0]:[0] 2025-11-08 14:16:50,210 - root - INFO - Completed checkpoint save request for checkpoint_id=_CheckpointRequestIdentifier(checkpoint_id='./outputs/iclr2026-vlr-73f7a163-v0p98-sw8-20251108-140736-idx3/checkpoints/step-4096', uuid='49bab2ae-f15b-46ef-a238-81cf65d5e54b')
[rank0]:[0] 2025-11-08 14:16:50,210 - root - INFO - Waiting for checkpoint save request...
[rank0]:[0] 2025-11-08 14:24:45,996 - root - INFO - Received async checkpoint request with id=./outputs/iclr2026-vlr-73f7a163-v0p98-sw8-20251108-140736-idx3/checkpoints/step-6144
[rank0]:[0] 2025-11-08 14:24:46,614 - root - INFO - Completed checkpoint save request for checkpoint_id=_CheckpointRequestIdentifier(checkpoint_id='./outputs/iclr2026-vlr-73f7a163-v0p98-sw8-20251108-140736-idx3/checkpoints/step-6144', uuid='a5b3ed32-b3f9-4b8a-9f09-d7f6f471b655')
[rank0]:[0] 2025-11-08 14:24:46,615 - root - INFO - Waiting for checkpoint save request...
[rank0]:[0] 2025-11-08 14:32:51,006 - root - INFO - Received async checkpoint request with id=./outputs/iclr2026-vlr-73f7a163-v0p98-sw8-20251108-140736-idx3/checkpoints/step-8192
[rank0]:[0] 2025-11-08 14:32:51,592 - root - INFO - Completed checkpoint save request for checkpoint_id=_CheckpointRequestIdentifier(checkpoint_id='./outputs/iclr2026-vlr-73f7a163-v0p98-sw8-20251108-140736-idx3/checkpoints/step-8192', uuid='1c8eec08-5ecd-4b71-8642-b54993d2220f')
[rank0]:[0] 2025-11-08 14:32:51,592 - root - INFO - Waiting for checkpoint save request...
[rank0]:[0] 2025-11-08 14:40:57,808 - root - INFO - Received async checkpoint request with id=./outputs/iclr2026-vlr-73f7a163-v0p98-sw8-20251108-140736-idx3/checkpoints/step-10240
[rank0]:[0] 2025-11-08 14:40:58,412 - root - INFO - Completed checkpoint save request for checkpoint_id=_CheckpointRequestIdentifier(checkpoint_id='./outputs/iclr2026-vlr-73f7a163-v0p98-sw8-20251108-140736-idx3/checkpoints/step-10240', uuid='d68f41a1-4f8c-414c-88ff-e0383c1805ff')
[rank0]:[0] 2025-11-08 14:40:58,412 - root - INFO - Waiting for checkpoint save request...
[rank0]:wandb: updating run metadata
[rank0]:wandb: uploading output.log
[rank0]:wandb: 
[rank0]:wandb: Run history:
[rank0]:wandb:     activations/average/max/full_model_input ▁▁▁▁▁▁▁▁▁▁▁▁▁▁▁▁▁▁▁▁▁▁▁▁▁▁▁▁▁▁▁▁▁▁▁▁▁▁▁▁
[rank0]:wandb:    activations/average/max/full_model_output ▁▁▁▂▅▆▇▆▇▇▇▇▇▇▇████████▇███▇████████████
[rank0]:wandb:  activations/average/median/full_model_input █▇▇█▆▆▅▄▄▄▄▃▁▁▁▂▂▂▄▅▅▅▄▅▅▅▆▆▆▆▆▅▆▆▆▂▅▆▄▆
[rank0]:wandb: activations/average/median/full_model_output ▅▅▅▅▄▃▂▃▂▂▁▃▂▂▃▃▃▃▁▃▆▄▅▆▇▇██▇▅▇▅▆█▅▅█▆▅▄
[rank0]:wandb:         activations/l2_norm/full_model_input ▁▁▁▁▁▂▂▂▃▃▃▃▃▃▃▄▄▄▄▄▅▅▅▅▅▅▆▆▆▆▆▆▇▇▇▇████
[rank0]:wandb:        activations/l2_norm/full_model_output ▂▁▄▅▅▅▄▄▄▃▂▃▃▂▂▃▃▂▃▃▃▃▃▄▄▄▄▄▅▅▅▅▆▆▆▆▇▇██
[rank0]:wandb:             activations/max/full_model_input ▁▁▁▁▁▁▁▁▁▁▂▂▃▃▃▃▃▃▃▃▄▄▄▄▄▅▅▅▅▅▆▆▆▆▆▇▇▇▇█
[rank0]:wandb:            activations/max/full_model_output ▁▁▁▁▁▂▂▂▂▃▃▃▃▃▃▃▃▃▃▃▄▄▄▅▅▅▅▅▆▆▆▆▆▆▆▆▆▇██
[rank0]:wandb:                         beta1-QHAdamW/group0 ▁▁▁▁▁▁▁▁▁▁▁▁▁▁▁▁▁▁▁▁▁▁▁▁▁▁▁▁▁▁▁▁▁▁▁▁▁▁▁▁
[rank0]:wandb:                         beta1-QHAdamW/group1 ▁▁▁▁▁▁▁▁▁▁▁▁▁▁▁▁▁▁▁▁▁▁▁▁▁▁▁▁▁▁▁▁▁▁▁▁▁▁▁▁
[rank0]:wandb:                                         +272 ...
[rank0]:wandb: 
[rank0]:wandb: Run summary:
[rank0]:wandb:     activations/average/max/full_model_input 0.18225
[rank0]:wandb:    activations/average/max/full_model_output 0.12891
[rank0]:wandb:  activations/average/median/full_model_input -0.00113
[rank0]:wandb: activations/average/median/full_model_output -0.00067
[rank0]:wandb:         activations/l2_norm/full_model_input 299921.8486
[rank0]:wandb:        activations/l2_norm/full_model_output 635108.44215
[rank0]:wandb:             activations/max/full_model_input 290
[rank0]:wandb:            activations/max/full_model_output 290
[rank0]:wandb:                         beta1-QHAdamW/group0 0.999
[rank0]:wandb:                         beta1-QHAdamW/group1 0.999
[rank0]:wandb:                                         +272 ...
[rank0]:wandb: 
[rank0]:wandb: 🚀 View run iclr2026-vlr-73f7a163-v0p98-sw8-20251108-140736-idx3-worker0-rep0-rank0 at: https://wandb.ai/camlsys/torchtitan_tune_lr/runs/it0ylizn
[rank0]:wandb: ⭐️ View project at: https://wandb.ai/camlsys/torchtitan_tune_lr
[rank0]:wandb: Synced 5 W&B file(s), 0 media file(s), 0 artifact file(s) and 0 other file(s)
[rank0]:wandb: Find logs at: ./outputs/iclr2026-vlr-73f7a163-v0p98-sw8-20251108-140736-idx3/tb/20251108-1407/rank_0/wandb/run-20251108_140755-it0ylizn/logs
[rank0]:[0] 2025-11-08 14:49:13,211 - root - INFO - Checkpoint background process is shutting down...
