[rank0]:wandb: Currently logged in as: alexiacob (camlsys) to https://api.wandb.ai. Use `wandb login --relogin` to force relogin
[rank0]:wandb: Tracking run with wandb version 0.22.1
[rank0]:wandb: Run data is saved locally in ./outputs/iclr2026-vlr-73f7a163-v0p99-sw2-20251108-155938-idx6/tb/20251108-1559/rank_0/wandb/run-20251108_155956-1zvebax6
[rank0]:wandb: Run `wandb offline` to turn off syncing.
[rank0]:wandb: Syncing run iclr2026-vlr-73f7a163-v0p99-sw2-20251108-155938-idx6-worker0-rep0-rank0
[rank0]:wandb: ⭐️ View project at https://wandb.ai/camlsys/torchtitan_tune_lr
[rank0]:wandb: 🚀 View run at https://wandb.ai/camlsys/torchtitan_tune_lr/runs/1zvebax6
[rank0]:
[rank0]:Downloading torchtitan/16M-baseline-202510...3_manifest.json:   0%|          | 0.00/77.0 [00:00<?, ?iB/s]
[rank0]:Downloading torchtitan/16M-baseline-202510...3_manifest.json: 100%|██████████| 77.0/77.0 [00:00<00:00, 652kiB/s]
[rank0]:
[rank0]:Downloading torchtitan/16M-baseline-202510...-2048/.metadata:   0%|          | 0.00/390k [00:00<?, ?iB/s]
[rank0]:Downloading torchtitan/16M-baseline-202510...-2048/.metadata:  33%|███▎      | 128k/390k [00:00<00:00, 25.7MiB/s]
[rank0]:
[rank0]:Downloading torchtitan/16M-baseline-202510...48/__0_0.distcp:   0%|          | 0.00/62.1M [00:00<?, ?iB/s][rank0]:
[rank0]:Downloading torchtitan/16M-baseline-202510...48/__0_0.distcp:   0%|          | 262k/62.1M [00:00<00:32, 1.89MiB/s]
[rank0]:
[rank0]:Downloading torchtitan/16M-baseline-202510...48/__1_0.distcp:   0%|          | 0.00/62.4M [00:00<?, ?iB/s]
[rank0]:
[rank0]:Downloading torchtitan/16M-baseline-202510...48/__1_0.distcp:   0%|          | 0.00/62.4M [00:00<?, ?iB/s][A
[rank0]:Downloading torchtitan/16M-baseline-202510...48/__1_0.distcp:   0%|          | 0.00/62.4M [00:00<?, ?iB/s]
[rank0]:Downloading torchtitan/16M-baseline-202510...48/__1_0.distcp:   0%|          | 262k/62.4M [00:00<00:01, 49.9MiB/s]
[rank0]:
[rank0]:Downloading torchtitan/16M-baseline-202510...48/__1_0.distcp:   0%|          | 262k/62.4M [00:00<00:00, 74.2MiB/s]
[rank0]:
[rank0]:Downloading torchtitan/16M-baseline-202510...48/__1_0.distcp:   0%|          | 262k/62.4M [00:00<00:31, 1.97MiB/s]
[rank0]:
[rank0]:Downloading torchtitan/16M-baseline-202510...48/__2_0.distcp:   0%|          | 0.00/62.4M [00:00<?, ?iB/s]
[rank0]:
[rank0]:
[rank0]:
[rank0]:Downloading torchtitan/16M-baseline-202510...48/__2_0.distcp:   0%|          | 0.00/62.4M [00:00<?, ?iB/s][A[A[A
[rank0]:
[rank0]:
[rank0]:
[rank0]:
[rank0]:Downloading torchtitan/16M-baseline-202510...48/__2_0.distcp:   0%|          | 0.00/62.4M [00:00<?, ?iB/s][A[A[A[A
[rank0]:
[rank0]:
[rank0]:Downloading torchtitan/16M-baseline-202510...48/__2_0.distcp:   0%|          | 0.00/62.4M [00:00<?, ?iB/s][A[A
[rank0]:Downloading torchtitan/16M-baseline-202510...48/__2_0.distcp:   0%|          | 262k/62.4M [00:00<00:00, 69.5MiB/s]
[rank0]:
[rank0]:Downloading torchtitan/16M-baseline-202510...48/__2_0.distcp:   0%|          | 262k/62.4M [00:00<00:02, 28.8MiB/s]
[rank0]:
[rank0]:
[rank0]:Downloading torchtitan/16M-baseline-202510...48/__2_0.distcp:   0%|          | 0.00/62.4M [00:00<?, ?iB/s][A
[rank0]:Downloading torchtitan/16M-baseline-202510...48/__2_0.distcp:   0%|          | 262k/62.4M [00:00<00:01, 34.5MiB/s]
[rank0]:
[rank0]:Downloading torchtitan/16M-baseline-202510...48/__2_0.distcp:   0%|          | 262k/62.4M [00:00<00:01, 35.7MiB/s]
[rank0]:
[rank0]:Downloading torchtitan/16M-baseline-202510...48/__2_0.distcp:   0%|          | 262k/62.4M [00:00<00:29, 2.12MiB/s]
[rank0]:
[rank0]:Downloading torchtitan/16M-baseline-202510...48/__3_0.distcp:   0%|          | 0.00/62.4M [00:00<?, ?iB/s]
[rank0]:
[rank0]:Downloading torchtitan/16M-baseline-202510...48/__3_0.distcp:   0%|          | 0.00/62.4M [00:00<?, ?iB/s][A
[rank0]:
[rank0]:
[rank0]:Downloading torchtitan/16M-baseline-202510...48/__3_0.distcp:   0%|          | 0.00/62.4M [00:00<?, ?iB/s][A[A
[rank0]:Downloading torchtitan/16M-baseline-202510...48/__3_0.distcp:   0%|          | 0.00/62.4M [00:00<?, ?iB/s]
[rank0]:Downloading torchtitan/16M-baseline-202510...48/__3_0.distcp:   0%|          | 262k/62.4M [00:00<00:01, 42.0MiB/s]
[rank0]:
[rank0]:Downloading torchtitan/16M-baseline-202510...48/__3_0.distcp:   0%|          | 262k/62.4M [00:00<00:00, 96.5MiB/s]
[rank0]:
[rank0]:Downloading torchtitan/16M-baseline-202510...48/__3_0.distcp:   0%|          | 262k/62.4M [00:00<00:01, 38.7MiB/s]
[rank0]:
[rank0]:Downloading torchtitan/16M-baseline-202510...48/__3_0.distcp:   0%|          | 262k/62.4M [00:00<00:33, 1.83MiB/s]
[rank0]:/nfs-share/aai30/projects/torchtitan/.venv/lib/python3.12/site-packages/torch/distributed/c10d_logger.py:83: UserWarning: barrier(): using the device under current context. You can specify `device_id` in `init_process_group` to mute this warning.
[rank0]:  return func(*args, **kwargs)
[rank0]:/nfs-share/aai30/projects/torchtitan/torchtitan/experiments/fl/optimizers/qhadamw.py:497: UserWarning: `torch._utils.is_compiling` is deprecated. Use `torch.compiler.is_compiling` instead.
[rank0]:  not torch._utils.is_compiling() and capturable  # pyright: ignore[reportAttributeAccessIssue]
[rank0]:/nfs-share/aai30/projects/torchtitan/torchtitan/experiments/fl/optimizers/qhadamw.py:497: UserWarning: `torch._utils.is_compiling` is deprecated. Use `torch.compiler.is_compiling` instead.
[rank0]:  not torch._utils.is_compiling() and capturable  # pyright: ignore[reportAttributeAccessIssue]
[W1108 16:40:04.049993747 TCPStore.cpp:138] [c10d] recvValueWithTimeout failed on SocketImpl(fd=24, addr=[localhost]:33418, remote=[localhost]:46004): Failed to recv, got 0 bytes. Connection was likely closed. Did the remote server shutdown or crash?
Exception raised from recvBytes at /pytorch/torch/csrc/distributed/c10d/Utils.hpp:682 (most recent call first):
frame #0: c10::Error::Error(c10::SourceLocation, std::__cxx11::basic_string<char, std::char_traits<char>, std::allocator<char> >) + 0x9d (0x7e42521724cd in /nfs-share/aai30/projects/torchtitan/.venv/lib/python3.12/site-packages/torch/lib/libc10.so)
frame #1: <unknown function> + 0x6b253bd (0x7e423505d3bd in /nfs-share/aai30/projects/torchtitan/.venv/lib/python3.12/site-packages/torch/lib/libtorch_cpu.so)
frame #2: c10d::TCPStore::doWait(c10::ArrayRef<std::__cxx11::basic_string<char, std::char_traits<char>, std::allocator<char> > >, std::chrono::duration<long, std::ratio<1l, 1000l> >) + 0x1bb (0x7e42350595bb in /nfs-share/aai30/projects/torchtitan/.venv/lib/python3.12/site-packages/torch/lib/libtorch_cpu.so)
frame #3: c10d::TCPStore::doGet(std::__cxx11::basic_string<char, std::char_traits<char>, std::allocator<char> > const&) + 0x2a (0x7e4235059a4a in /nfs-share/aai30/projects/torchtitan/.venv/lib/python3.12/site-packages/torch/lib/libtorch_cpu.so)
frame #4: c10d::TCPStore::get(std::__cxx11::basic_string<char, std::char_traits<char>, std::allocator<char> > const&) + 0x112 (0x7e423505aba2 in /nfs-share/aai30/projects/torchtitan/.venv/lib/python3.12/site-packages/torch/lib/libtorch_cpu.so)
frame #5: <unknown function> + 0xedbbb6 (0x7e4244923bb6 in /nfs-share/aai30/projects/torchtitan/.venv/lib/python3.12/site-packages/torch/lib/libtorch_python.so)
frame #6: <unknown function> + 0x4026c0 (0x7e4243e4a6c0 in /nfs-share/aai30/projects/torchtitan/.venv/lib/python3.12/site-packages/torch/lib/libtorch_python.so)
<omitting python frames>
frame #24: <unknown function> + 0x2a1ca (0x7e42532461ca in /lib/x86_64-linux-gnu/libc.so.6)
frame #25: __libc_start_main + 0x8b (0x7e425324628b in /lib/x86_64-linux-gnu/libc.so.6)
frame #26: _start + 0x29 (0x6000a9 in /nfs-share/aai30/projects/torchtitan/.venv/bin/python3)

W1108 16:40:04.726000 1291600 torch/distributed/elastic/multiprocessing/api.py:1000] Sending process 1291614 closing signal SIGTERM
[rank0]:wandb: updating run metadata
[rank0]:wandb: uploading output.log
[W1108 16:40:07.969422827 TCPStore.cpp:106] [c10d] sendBytes failed on SocketImpl(fd=24, addr=[localhost]:33418, remote=[localhost]:46004): Broken pipe
Exception raised from sendBytes at /pytorch/torch/csrc/distributed/c10d/Utils.hpp:653 (most recent call first):
frame #0: c10::Error::Error(c10::SourceLocation, std::__cxx11::basic_string<char, std::char_traits<char>, std::allocator<char> >) + 0x9d (0x7e42521724cd in /nfs-share/aai30/projects/torchtitan/.venv/lib/python3.12/site-packages/torch/lib/libc10.so)
frame #1: <unknown function> + 0x6b245a1 (0x7e423505c5a1 in /nfs-share/aai30/projects/torchtitan/.venv/lib/python3.12/site-packages/torch/lib/libtorch_cpu.so)
frame #2: c10d::TCPStore::doWait(c10::ArrayRef<std::__cxx11::basic_string<char, std::char_traits<char>, std::allocator<char> > >, std::chrono::duration<long, std::ratio<1l, 1000l> >) + 0x10e (0x7e423505950e in /nfs-share/aai30/projects/torchtitan/.venv/lib/python3.12/site-packages/torch/lib/libtorch_cpu.so)
frame #3: c10d::TCPStore::doGet(std::__cxx11::basic_string<char, std::char_traits<char>, std::allocator<char> > const&) + 0x2a (0x7e4235059a4a in /nfs-share/aai30/projects/torchtitan/.venv/lib/python3.12/site-packages/torch/lib/libtorch_cpu.so)
frame #4: c10d::TCPStore::get(std::__cxx11::basic_string<char, std::char_traits<char>, std::allocator<char> > const&) + 0x112 (0x7e423505aba2 in /nfs-share/aai30/projects/torchtitan/.venv/lib/python3.12/site-packages/torch/lib/libtorch_cpu.so)
frame #5: <unknown function> + 0xedbbb6 (0x7e4244923bb6 in /nfs-share/aai30/projects/torchtitan/.venv/lib/python3.12/site-packages/torch/lib/libtorch_python.so)
frame #6: <unknown function> + 0x4026c0 (0x7e4243e4a6c0 in /nfs-share/aai30/projects/torchtitan/.venv/lib/python3.12/site-packages/torch/lib/libtorch_python.so)
<omitting python frames>
frame #14: <unknown function> + 0x9caa4 (0x7e42532b8aa4 in /lib/x86_64-linux-gnu/libc.so.6)
frame #15: <unknown function> + 0x129c6c (0x7e4253345c6c in /lib/x86_64-linux-gnu/libc.so.6)

W1108 16:40:07.643000 1291600 torch/distributed/elastic/rendezvous/dynamic_rendezvous.py:1342] The node 'ruapehu.cl.cam.ac.uk_1291600_0' has failed to send a keep-alive heartbeat to the rendezvous 'iclr2026-vlr-73f7a163-v0p99-sw2-20251108-155938-idx6' due to an error of type RendezvousConnectionError.
[rank0]:wandb: uploading history steps 9826-9854, summary, console lines 20178-30090
[rank0]:wandb: 
[rank0]:wandb: Run history:
[rank0]:wandb:     activations/average/max/full_model_input ▁▁▁▁▁▁▁▁▁▁▁▁▁▁▁▁▁▁▁▁▁▁▁▁▁▁▁▁▁▁▁▁▁▁▁▁▁▁▁▁
[rank0]:wandb:    activations/average/max/full_model_output ▁▁▁▁▁▁▁▁▁▁▂▃▂▂▃▃▃▄▄▄▅▅▅▆▆▅▆▆▆▆▇▆▇▇▇▇▇▇██
[rank0]:wandb:  activations/average/median/full_model_input ▇▇▇██▇▇▇▆▆▇▇▆▆▆▆▅▅▃▃▂▃▁▆▃▃▂▂▂▃▃▅▄▅▄▅▁▄▃▃
[rank0]:wandb: activations/average/median/full_model_output ▁▁▁▂▁▁▃▂▂▃▃▄▄▃▅▄▃▅▅▆▅▅▃▄▄▄▆▅▆▆▄▅▇█▆▄▃▂▄▃
[rank0]:wandb:         activations/l2_norm/full_model_input ▁▁▁▁▁▁▂▃▃▃▃▃▄▄▄▄▄▄▄▅▅▅▅▅▅▆▆▆▆▆▆▇▇▇▇▇████
[rank0]:wandb:        activations/l2_norm/full_model_output ▁▁▁▂▂▄████▇▇▇▇▇▇▇▇▇▆▇▆▇▇▇▇▆▆▆▆▆▇▆▆▇▆▇▇▇▇
[rank0]:wandb:             activations/max/full_model_input ▁▁▁▁▁▁▂▂▃▄▄▄▄▄▄▆▆▆▆▆▇▇▇▇▇▇▆▇▇▇▇▇▇▇██████
[rank0]:wandb:            activations/max/full_model_output ▁▁▁▁▁▁▁▁▁▁▂▂▂▃▃▄▄▄▅▅▅▆▆▆▆▆▆▇▇▇▇▇████████
[rank0]:wandb:                         beta1-QHAdamW/group0 ▁▁▁▁▁▁▁▁▁▁▁▁▁▁▁▁▁▁▁▁▁▁▁▁▁▁▁▁▁▁▁▁▁▁▁▁▁▁▁▁
[rank0]:wandb:                         beta1-QHAdamW/group1 ▁▁▁▁▁▁▁▁▁▁▁▁▁▁▁▁▁▁▁▁▁▁▁▁▁▁▁▁▁▁▁▁▁▁▁▁▁▁▁▁
[rank0]:wandb:                                         +272 ...
[rank0]:wandb: 
[rank0]:wandb: Run summary:
[rank0]:wandb:     activations/average/max/full_model_input 0.18225
[rank0]:wandb:    activations/average/max/full_model_output 0.08936
[rank0]:wandb:  activations/average/median/full_model_input -0.0011
[rank0]:wandb: activations/average/median/full_model_output -0.00012
[rank0]:wandb:         activations/l2_norm/full_model_input 106569.48679
[rank0]:wandb:        activations/l2_norm/full_model_output 528177.91875
[rank0]:wandb:             activations/max/full_model_input 63.25
[rank0]:wandb:            activations/max/full_model_output 63.25
[rank0]:wandb:                         beta1-QHAdamW/group0 0.999
[rank0]:wandb:                         beta1-QHAdamW/group1 0.999
[rank0]:wandb:                                         +272 ...
[rank0]:wandb: 
[rank0]:wandb: 🚀 View run iclr2026-vlr-73f7a163-v0p99-sw2-20251108-155938-idx6-worker0-rep0-rank0 at: https://wandb.ai/camlsys/torchtitan_tune_lr/runs/1zvebax6
[rank0]:wandb: ⭐️ View project at: https://wandb.ai/camlsys/torchtitan_tune_lr
[rank0]:wandb: Synced 5 W&B file(s), 0 media file(s), 0 artifact file(s) and 0 other file(s)
[rank0]:wandb: Find logs at: ./outputs/iclr2026-vlr-73f7a163-v0p99-sw2-20251108-155938-idx6/tb/20251108-1559/rank_0/wandb/run-20251108_155956-1zvebax6/logs
[W1108 16:40:10.926362267 TCPStore.cpp:106] [c10d] sendBytes failed on SocketImpl(fd=24, addr=[localhost]:33418, remote=[localhost]:46004): Broken pipe
Exception raised from sendBytes at /pytorch/torch/csrc/distributed/c10d/Utils.hpp:653 (most recent call first):
frame #0: c10::Error::Error(c10::SourceLocation, std::__cxx11::basic_string<char, std::char_traits<char>, std::allocator<char> >) + 0x9d (0x7e42521724cd in /nfs-share/aai30/projects/torchtitan/.venv/lib/python3.12/site-packages/torch/lib/libc10.so)
frame #1: <unknown function> + 0x6b245a1 (0x7e423505c5a1 in /nfs-share/aai30/projects/torchtitan/.venv/lib/python3.12/site-packages/torch/lib/libtorch_cpu.so)
frame #2: c10d::TCPStore::doWait(c10::ArrayRef<std::__cxx11::basic_string<char, std::char_traits<char>, std::allocator<char> > >, std::chrono::duration<long, std::ratio<1l, 1000l> >) + 0x10e (0x7e423505950e in /nfs-share/aai30/projects/torchtitan/.venv/lib/python3.12/site-packages/torch/lib/libtorch_cpu.so)
frame #3: c10d::TCPStore::doGet(std::__cxx11::basic_string<char, std::char_traits<char>, std::allocator<char> > const&) + 0x2a (0x7e4235059a4a in /nfs-share/aai30/projects/torchtitan/.venv/lib/python3.12/site-packages/torch/lib/libtorch_cpu.so)
frame #4: c10d::TCPStore::get(std::__cxx11::basic_string<char, std::char_traits<char>, std::allocator<char> > const&) + 0x112 (0x7e423505aba2 in /nfs-share/aai30/projects/torchtitan/.venv/lib/python3.12/site-packages/torch/lib/libtorch_cpu.so)
frame #5: <unknown function> + 0xedbbb6 (0x7e4244923bb6 in /nfs-share/aai30/projects/torchtitan/.venv/lib/python3.12/site-packages/torch/lib/libtorch_python.so)
frame #6: <unknown function> + 0x4026c0 (0x7e4243e4a6c0 in /nfs-share/aai30/projects/torchtitan/.venv/lib/python3.12/site-packages/torch/lib/libtorch_python.so)
<omitting python frames>
frame #24: <unknown function> + 0x2a1ca (0x7e42532461ca in /lib/x86_64-linux-gnu/libc.so.6)
frame #25: __libc_start_main + 0x8b (0x7e425324628b in /lib/x86_64-linux-gnu/libc.so.6)
frame #26: _start + 0x29 (0x6000a9 in /nfs-share/aai30/projects/torchtitan/.venv/bin/python3)

W1108 16:40:10.596000 1291600 torch/distributed/elastic/rendezvous/dynamic_rendezvous.py:1293] The node 'ruapehu.cl.cam.ac.uk_1291600_0' has failed to shutdown the rendezvous 'iclr2026-vlr-73f7a163-v0p99-sw2-20251108-155938-idx6' due to an error of type RendezvousConnectionError.
Traceback (most recent call last):
  File "/nfs-share/aai30/projects/torchtitan/.venv/lib/python3.12/site-packages/torch/distributed/elastic/rendezvous/c10d_rendezvous_backend.py", line 114, in _call_store
    return getattr(self._store, store_op)(*args, **kwargs)
           ^^^^^^^^^^^^^^^^^^^^^^^^^^^^^^^^^^^^^^^^^^^^^^^
torch.distributed.DistNetworkError: Failed to recv, got 0 bytes. Connection was likely closed. Did the remote server shutdown or crash?

The above exception was the direct cause of the following exception:

Traceback (most recent call last):
  File "/nfs-share/aai30/projects/torchtitan/.venv/bin/torchrun", line 10, in <module>
    sys.exit(main())
             ^^^^^^
  File "/nfs-share/aai30/projects/torchtitan/.venv/lib/python3.12/site-packages/torch/distributed/elastic/multiprocessing/errors/__init__.py", line 362, in wrapper
    return f(*args, **kwargs)
           ^^^^^^^^^^^^^^^^^^
  File "/nfs-share/aai30/projects/torchtitan/.venv/lib/python3.12/site-packages/torch/distributed/run.py", line 977, in main
    run(args)
  File "/nfs-share/aai30/projects/torchtitan/.venv/lib/python3.12/site-packages/torch/distributed/run.py", line 968, in run
    elastic_launch(
  File "/nfs-share/aai30/projects/torchtitan/.venv/lib/python3.12/site-packages/torch/distributed/launcher/api.py", line 165, in __call__
    return launch_agent(self._config, self._entrypoint, list(args))
           ^^^^^^^^^^^^^^^^^^^^^^^^^^^^^^^^^^^^^^^^^^^^^^^^^^^^^^^^
  File "/nfs-share/aai30/projects/torchtitan/.venv/lib/python3.12/site-packages/torch/distributed/launcher/api.py", line 303, in launch_agent
    result = agent.run()
             ^^^^^^^^^^^
  File "/nfs-share/aai30/projects/torchtitan/.venv/lib/python3.12/site-packages/torch/distributed/elastic/metrics/api.py", line 135, in wrapper
    result = f(*args, **kwargs)
             ^^^^^^^^^^^^^^^^^^
  File "/nfs-share/aai30/projects/torchtitan/.venv/lib/python3.12/site-packages/torch/distributed/elastic/agent/server/api.py", line 725, in run
    result = self._invoke_run(role)
             ^^^^^^^^^^^^^^^^^^^^^^
  File "/nfs-share/aai30/projects/torchtitan/.venv/lib/python3.12/site-packages/torch/distributed/elastic/agent/server/api.py", line 938, in _invoke_run
    num_nodes_waiting = rdzv_handler.num_nodes_waiting()
                        ^^^^^^^^^^^^^^^^^^^^^^^^^^^^^^^^
  File "/nfs-share/aai30/projects/torchtitan/.venv/lib/python3.12/site-packages/torch/distributed/elastic/rendezvous/dynamic_rendezvous.py", line 1264, in num_nodes_waiting
    self._state_holder.sync()
  File "/nfs-share/aai30/projects/torchtitan/.venv/lib/python3.12/site-packages/torch/distributed/elastic/rendezvous/dynamic_rendezvous.py", line 438, in sync
    get_response = self._backend.get_state()
                   ^^^^^^^^^^^^^^^^^^^^^^^^^
  File "/nfs-share/aai30/projects/torchtitan/.venv/lib/python3.12/site-packages/torch/distributed/elastic/rendezvous/c10d_rendezvous_backend.py", line 75, in get_state
    base64_state: bytes = self._call_store("get", self._key)
                          ^^^^^^^^^^^^^^^^^^^^^^^^^^^^^^^^^^
  File "/nfs-share/aai30/projects/torchtitan/.venv/lib/python3.12/site-packages/torch/distributed/elastic/rendezvous/c10d_rendezvous_backend.py", line 116, in _call_store
    raise RendezvousConnectionError(
torch.distributed.elastic.rendezvous.api.RendezvousConnectionError: The connection to the C10d store has failed. See inner exception for details.
