[rank0]:wandb: Currently logged in as: alexiacob (camlsys) to https://api.wandb.ai. Use `wandb login --relogin` to force relogin
[rank0]:wandb: Tracking run with wandb version 0.22.1
[rank0]:wandb: Run data is saved locally in ./outputs/iclr2026-vlr-73f7a163-v0p999-sw8-20251108-155938-idx23/tb/20251108-2132/rank_0/wandb/run-20251108_213251-b38ygzkh
[rank0]:wandb: Run `wandb offline` to turn off syncing.
[rank0]:wandb: Syncing run iclr2026-vlr-73f7a163-v0p999-sw8-20251108-155938-idx23-worker0-rep0-rank0
[rank0]:wandb: ⭐️ View project at https://wandb.ai/camlsys/torchtitan_tune_lr
[rank0]:wandb: 🚀 View run at https://wandb.ai/camlsys/torchtitan_tune_lr/runs/b38ygzkh
[rank0]:
[rank0]:Downloading torchtitan/16M-baseline-202510...3_manifest.json:   0%|          | 0.00/77.0 [00:00<?, ?iB/s]
[rank0]:Downloading torchtitan/16M-baseline-202510...3_manifest.json: 100%|██████████| 77.0/77.0 [00:00<00:00, 290kiB/s]
[rank0]:
[rank0]:Downloading torchtitan/16M-baseline-202510...-2048/.metadata:   0%|          | 0.00/390k [00:00<?, ?iB/s]
[rank0]:Downloading torchtitan/16M-baseline-202510...-2048/.metadata:  33%|███▎      | 128k/390k [00:00<00:00, 20.2MiB/s]
[rank0]:
[rank0]:Downloading torchtitan/16M-baseline-202510...48/__0_0.distcp:   0%|          | 0.00/62.1M [00:00<?, ?iB/s][rank0]:
[rank0]:Downloading torchtitan/16M-baseline-202510...48/__0_0.distcp:   0%|          | 262k/62.1M [00:00<00:34, 1.80MiB/s]
[rank0]:
[rank0]:Downloading torchtitan/16M-baseline-202510...48/__1_0.distcp:   0%|          | 0.00/62.4M [00:00<?, ?iB/s]
[rank0]:
[rank0]:
[rank0]:Downloading torchtitan/16M-baseline-202510...48/__1_0.distcp:   0%|          | 0.00/62.4M [00:00<?, ?iB/s][A[A
[rank0]:
[rank0]:Downloading torchtitan/16M-baseline-202510...48/__1_0.distcp:   0%|          | 0.00/62.4M [00:00<?, ?iB/s][A
[rank0]:Downloading torchtitan/16M-baseline-202510...48/__1_0.distcp:   0%|          | 262k/62.4M [00:00<00:00, 101MiB/s][rank0]:
[rank0]:
[rank0]:Downloading torchtitan/16M-baseline-202510...48/__1_0.distcp:   0%|          | 262k/62.4M [00:00<00:01, 31.8MiB/s]
[rank0]:
[rank0]:Downloading torchtitan/16M-baseline-202510...48/__1_0.distcp:   0%|          | 262k/62.4M [00:00<00:34, 1.83MiB/s]
[rank0]:
[rank0]:Downloading torchtitan/16M-baseline-202510...48/__2_0.distcp:   0%|          | 0.00/62.4M [00:00<?, ?iB/s]
[rank0]:
[rank0]:
[rank0]:Downloading torchtitan/16M-baseline-202510...48/__2_0.distcp:   0%|          | 0.00/62.4M [00:00<?, ?iB/s][A[A
[rank0]:
[rank0]:Downloading torchtitan/16M-baseline-202510...48/__2_0.distcp:   0%|          | 0.00/62.4M [00:00<?, ?iB/s][A
[rank0]:Downloading torchtitan/16M-baseline-202510...48/__2_0.distcp:   0%|          | 262k/62.4M [00:00<00:01, 51.0MiB/s]
[rank0]:
[rank0]:Downloading torchtitan/16M-baseline-202510...48/__2_0.distcp:   0%|          | 262k/62.4M [00:00<00:01, 50.2MiB/s]
[rank0]:
[rank0]:Downloading torchtitan/16M-baseline-202510...48/__2_0.distcp:   0%|          | 262k/62.4M [00:00<00:31, 1.97MiB/s]
[rank0]:
[rank0]:Downloading torchtitan/16M-baseline-202510...48/__3_0.distcp:   0%|          | 0.00/62.4M [00:00<?, ?iB/s]
[rank0]:
[rank0]:
[rank0]:
[rank0]:Downloading torchtitan/16M-baseline-202510...48/__3_0.distcp:   0%|          | 0.00/62.4M [00:00<?, ?iB/s][A[A[A
[rank0]:
[rank0]:Downloading torchtitan/16M-baseline-202510...48/__3_0.distcp:   0%|          | 0.00/62.4M [00:00<?, ?iB/s][A
[rank0]:
[rank0]:
[rank0]:Downloading torchtitan/16M-baseline-202510...48/__3_0.distcp:   0%|          | 0.00/62.4M [00:00<?, ?iB/s][A[A
[rank0]:Downloading torchtitan/16M-baseline-202510...48/__3_0.distcp:   0%|          | 262k/62.4M [00:00<00:01, 36.0MiB/s]
[rank0]:
[rank0]:Downloading torchtitan/16M-baseline-202510...48/__3_0.distcp:   0%|          | 262k/62.4M [00:00<00:01, 61.9MiB/s]
[rank0]:
[rank0]:Downloading torchtitan/16M-baseline-202510...48/__3_0.distcp:   0%|          | 262k/62.4M [00:00<00:01, 33.2MiB/s]
[rank0]:
[rank0]:Downloading torchtitan/16M-baseline-202510...48/__3_0.distcp:   0%|          | 262k/62.4M [00:00<00:33, 1.86MiB/s]
[rank0]:/nfs-share/aai30/projects/torchtitan/.venv/lib/python3.12/site-packages/torch/distributed/c10d_logger.py:83: UserWarning: barrier(): using the device under current context. You can specify `device_id` in `init_process_group` to mute this warning.
[rank0]:  return func(*args, **kwargs)
[rank0]:/nfs-share/aai30/projects/torchtitan/torchtitan/experiments/fl/optimizers/qhadamw.py:497: UserWarning: `torch._utils.is_compiling` is deprecated. Use `torch.compiler.is_compiling` instead.
[rank0]:  not torch._utils.is_compiling() and capturable  # pyright: ignore[reportAttributeAccessIssue]
[rank0]:/nfs-share/aai30/projects/torchtitan/torchtitan/experiments/fl/optimizers/qhadamw.py:497: UserWarning: `torch._utils.is_compiling` is deprecated. Use `torch.compiler.is_compiling` instead.
[rank0]:  not torch._utils.is_compiling() and capturable  # pyright: ignore[reportAttributeAccessIssue]
[rank0]:wandb: updating run metadata
[rank0]:wandb: uploading output.log
[rank0]:wandb: uploading data
[rank0]:wandb: 
[rank0]:wandb: Run history:
[rank0]:wandb:     activations/average/max/full_model_input ▁▁▁▁▁▁▁▁▁▁▁▁▁▁▁▁▁▁▁▁▁▁▁▂▂▂▂▂▂▂▃▄▄▃▄▅▇▆██
[rank0]:wandb:    activations/average/max/full_model_output ▁▂▂▂▂▄▅▅▅▅▅▅▅▅▅▅▅▅▅▅▅▅▅▅▅▅▅▅▅▆▆▆▆▆▆▇▇███
[rank0]:wandb:  activations/average/median/full_model_input ███▇▄▄▄▇▆▇▂▃▁▁▂▂▃▃▄▃▄▄▄▄▅▄▄▄▅▄▅▅▅▅▅▅▅▆▅▅
[rank0]:wandb: activations/average/median/full_model_output ▆▂▄▄▄▂▁▃▄▅▆▆█▆█▇▇▄▅▆▃▆▃▄▃▄▅▄▅▅▃▅▆▄▅▅██▅▅
[rank0]:wandb:         activations/l2_norm/full_model_input ▁▁▁▂▂▃▃▃▃▃▃▃▃▄▄▄▄▅▅▅▅▅▅▅▅▆▆▆▆▆▆▇▇▇▇▇▇▇██
[rank0]:wandb:        activations/l2_norm/full_model_output ▁▁▃▂▂▂▂▂▂▂▂▂▂▃▃▃▃▃▃▃▃▃▄▄▄▅▅▅▅▅▆▆▆▆▇▇▇███
[rank0]:wandb:             activations/max/full_model_input ▁▁▁▁▂▂▂▂▂▂▃▃▃▃▃▃▃▃▃▄▄▄▄▄▅▅▅▅▅▆▆▆▇▇▇▇████
[rank0]:wandb:            activations/max/full_model_output ▁▁▁▁▁▂▂▂▂▂▂▂▂▂▂▃▃▃▃▃▄▄▄▄▄▄▅▅▅▅▆▆▇▇▇▇████
[rank0]:wandb:                         beta1-QHAdamW/group0 ▁▁▁▁▁▁▁▁▁▁▁▁▁▁▁▁▁▁▁▁▁▁▁▁▁▁▁▁▁▁▁▁▁▁▁▁▁▁▁▁
[rank0]:wandb:                         beta1-QHAdamW/group1 ▁▁▁▁▁▁▁▁▁▁▁▁▁▁▁▁▁▁▁▁▁▁▁▁▁▁▁▁▁▁▁▁▁▁▁▁▁▁▁▁
[rank0]:wandb:                                         +272 ...
[rank0]:wandb: 
[rank0]:wandb: Run summary:
[rank0]:wandb:     activations/average/max/full_model_input 0.29883
[rank0]:wandb:    activations/average/max/full_model_output 0.29883
[rank0]:wandb:  activations/average/median/full_model_input -0.00135
[rank0]:wandb: activations/average/median/full_model_output 0.00267
[rank0]:wandb:         activations/l2_norm/full_model_input 514214.8741
[rank0]:wandb:        activations/l2_norm/full_model_output 817818.3752
[rank0]:wandb:             activations/max/full_model_input 446
[rank0]:wandb:            activations/max/full_model_output 446
[rank0]:wandb:                         beta1-QHAdamW/group0 0.999
[rank0]:wandb:                         beta1-QHAdamW/group1 0.999
[rank0]:wandb:                                         +272 ...
[rank0]:wandb: 
[rank0]:wandb: 🚀 View run iclr2026-vlr-73f7a163-v0p999-sw8-20251108-155938-idx23-worker0-rep0-rank0 at: https://wandb.ai/camlsys/torchtitan_tune_lr/runs/b38ygzkh
[rank0]:wandb: ⭐️ View project at: https://wandb.ai/camlsys/torchtitan_tune_lr
[rank0]:wandb: Synced 5 W&B file(s), 0 media file(s), 0 artifact file(s) and 0 other file(s)
[rank0]:wandb: Find logs at: ./outputs/iclr2026-vlr-73f7a163-v0p999-sw8-20251108-155938-idx23/tb/20251108-2132/rank_0/wandb/run-20251108_213251-b38ygzkh/logs
